--------------------------------------------------------------------------------
Release 14.7 Trace  (lin64)
Copyright (c) 1995-2013 Xilinx, Inc.  All rights reserved.

/opt/Xilinx/14.7/ISE_DS/ISE/bin/lin64/unwrapped/trce -intstyle ise -v 3 -s 4 -n
3 -fastpaths -xml Main.twx Main.ncd -o Main.twr Main.pcf -ucf Main.ucf

Design file:              Main.ncd
Physical constraint file: Main.pcf
Device,package,speed:     xc3s500e,fg320,-4 (PRODUCTION 1.27 2013-10-13)
Report level:             verbose report

Environment Variable      Effect 
--------------------      ------ 
NONE                      No environment variables were set
--------------------------------------------------------------------------------

INFO:Timing:2698 - No timing constraints found, doing default enumeration.
INFO:Timing:3412 - To improve timing, see the Timing Closure User Guide (UG612).
INFO:Timing:2752 - To get complete path coverage, use the unconstrained paths 
   option. All paths that are not constrained will be reported in the 
   unconstrained paths section(s) of the report.
INFO:Timing:3339 - The clock-to-out numbers in this timing report are based on 
   a 50 Ohm transmission line loading model.  For the details of this model, 
   and for more information on accounting for different loading conditions, 
   please see the device datasheet.
INFO:Timing:3390 - This architecture does not support a default System Jitter 
   value, please add SYSTEM_JITTER constraint to the UCF to modify the Clock 
   Uncertainty calculation.
INFO:Timing:3389 - This architecture does not support 'Discrete Jitter' and 
   'Phase Error' calculations, these terms will be zero in the Clock 
   Uncertainty calculation.  Please make appropriate modification to 
   SYSTEM_JITTER to account for the unsupported Discrete Jitter and Phase 
   Error.



Data Sheet report:
-----------------
All values displayed in nanoseconds (ns)

Setup/Hold to clock CLK
------------+------------+------------+------------------+--------+
            |Max Setup to|Max Hold to |                  | Clock  |
Source      | clk (edge) | clk (edge) |Internal Clock(s) | Phase  |
------------+------------+------------+------------------+--------+
D0          |    0.803(R)|    0.562(R)|CLK_BUFGP         |   0.000|
D1          |    0.308(R)|    0.975(R)|CLK_BUFGP         |   0.000|
Enc1<0>     |    1.449(R)|    0.099(R)|CLK_BUFGP         |   0.000|
Enc1<1>     |    0.988(R)|    0.430(R)|CLK_BUFGP         |   0.000|
Enc2<0>     |    2.127(R)|   -0.488(R)|CLK_BUFGP         |   0.000|
Enc2<1>     |    2.002(R)|   -0.360(R)|CLK_BUFGP         |   0.000|
Hallindex1  |    4.156(R)|   -0.022(R)|CLK_BUFGP         |   0.000|
Hallindex2  |    5.552(R)|   -0.470(R)|CLK_BUFGP         |   0.000|
MOSI        |    1.772(R)|   -0.111(R)|CLK_BUFGP         |   0.000|
SS          |    4.965(R)|    0.950(R)|CLK_BUFGP         |   0.000|
SSCLK       |    0.186(R)|    1.069(R)|CLK_BUFGP         |   0.000|
Sw<0>       |    9.928(R)|   -1.628(R)|CLK_BUFGP         |   0.000|
Sw<1>       |    9.725(R)|   -1.576(R)|CLK_BUFGP         |   0.000|
Sw<2>       |    9.161(R)|   -1.570(R)|CLK_BUFGP         |   0.000|
Sw<3>       |   10.606(R)|   -0.776(R)|CLK_BUFGP         |   0.000|
Sw<4>       |    9.721(R)|   -1.561(R)|CLK_BUFGP         |   0.000|
Sw<5>       |   10.251(R)|   -1.272(R)|CLK_BUFGP         |   0.000|
Sw<6>       |   10.562(R)|   -2.296(R)|CLK_BUFGP         |   0.000|
Sw<7>       |   10.500(R)|   -1.920(R)|CLK_BUFGP         |   0.000|
------------+------------+------------+------------------+--------+

Clock CLK to Pad
------------+------------+------------------+--------+
            | clk (edge) |                  | Clock  |
Destination |   to PAD   |Internal Clock(s) | Phase  |
------------+------------+------------------+--------+
CS          |    8.295(R)|CLK_BUFGP         |   0.000|
En1         |    8.395(R)|CLK_BUFGP         |   0.000|
En2         |    8.461(R)|CLK_BUFGP         |   0.000|
Led<0>      |    9.123(R)|CLK_BUFGP         |   0.000|
Led<1>      |    9.137(R)|CLK_BUFGP         |   0.000|
Led<2>      |    9.330(R)|CLK_BUFGP         |   0.000|
MISO        |    8.730(R)|CLK_BUFGP         |   0.000|
MSclk       |    7.495(R)|CLK_BUFGP         |   0.000|
PWML1       |    8.437(R)|CLK_BUFGP         |   0.000|
PWML2       |    8.175(R)|CLK_BUFGP         |   0.000|
PWMR1       |    8.657(R)|CLK_BUFGP         |   0.000|
PWMR2       |    7.887(R)|CLK_BUFGP         |   0.000|
------------+------------+------------------+--------+

Clock to Setup on destination clock CLK
---------------+---------+---------+---------+---------+
               | Src:Rise| Src:Fall| Src:Rise| Src:Fall|
Source Clock   |Dest:Rise|Dest:Rise|Dest:Fall|Dest:Fall|
---------------+---------+---------+---------+---------+
CLK            |    8.234|         |         |         |
---------------+---------+---------+---------+---------+

Pad to Pad
---------------+---------------+---------+
Source Pad     |Destination Pad|  Delay  |
---------------+---------------+---------+
Hallindex1     |Led<7>         |    8.890|
Hallindex2     |Led<5>         |    5.891|
---------------+---------------+---------+


Analysis completed Fri May 19 12:44:36 2017 
--------------------------------------------------------------------------------

Trace Settings:
-------------------------
Trace Settings 

Peak Memory Usage: 375 MB



