AR encoder behavioral /home/anders/Dropbox/Robtek/4_semester/DIG/Projekt/Encoder.vhd sub00/vhpl15 1493121490
EN onekhz NULL /home/anders/Dropbox/Robtek/4_semester/DIG/Projekt/OneKHz.vhd sub00/vhpl08 1493121483
AR main behavioral /home/anders/Dropbox/Robtek/4_semester/DIG/Projekt/Main.vhd sub00/vhpl27 1493121502
EN pwm NULL /home/anders/Dropbox/Robtek/4_semester/DIG/Projekt/PWM.vhd sub00/vhpl12 1493121487
AR velocityclk behavioral /home/anders/Dropbox/Robtek/4_semester/DIG/Projekt/VelocityCLK.vhd sub00/vhpl01 1493121476
AR protocolspi behavioral /home/anders/Dropbox/Robtek/4_semester/DIG/Projekt/ProtocolSpi.vhd sub00/vhpl21 1493121496
AR seg7 behavioral /home/anders/Dropbox/Robtek/4_semester/DIG/Projekt/seg7.vhd sub00/vhpl25 1493121500
EN runningaverage NULL /home/anders/Dropbox/Robtek/4_semester/DIG/Projekt/RunningAverage.vhd sub00/vhpl02 1493121477
EN spi NULL /home/anders/Dropbox/Robtek/4_semester/DIG/Projekt/SPI.vhd sub00/vhpl18 1493121493
AR spi behavioral /home/anders/Dropbox/Robtek/4_semester/DIG/Projekt/SPI.vhd sub00/vhpl19 1493121494
EN prescalertransistor NULL /home/anders/Dropbox/Robtek/4_semester/DIG/Projekt/PrescalerTransistor.vhd sub00/vhpl10 1493121485
EN motorcontroller NULL /home/anders/Dropbox/Robtek/4_semester/DIG/Projekt/MotorController.vhd sub00/vhpl22 1493121497
AR runningaverage behavioral /home/anders/Dropbox/Robtek/4_semester/DIG/Projekt/RunningAverage.vhd sub00/vhpl03 1493121478
AR onekhz behavioral /home/anders/Dropbox/Robtek/4_semester/DIG/Projekt/OneKHz.vhd sub00/vhpl09 1493121484
EN main NULL /home/anders/Dropbox/Robtek/4_semester/DIG/Projekt/Main.vhd sub00/vhpl26 1493121501
AR encoder_filter behavioral /home/anders/Dropbox/Robtek/4_semester/DIG/Projekt/Encoder_filter.vhd sub00/vhpl05 1493121480
EN seg7 NULL /home/anders/Dropbox/Robtek/4_semester/DIG/Projekt/seg7.vhd sub00/vhpl24 1493121499
EN encoder NULL /home/anders/Dropbox/Robtek/4_semester/DIG/Projekt/Encoder.vhd sub00/vhpl14 1493121489
AR prescalertransistor behavioral /home/anders/Dropbox/Robtek/4_semester/DIG/Projekt/PrescalerTransistor.vhd sub00/vhpl11 1493121486
AR pwm behavioral /home/anders/Dropbox/Robtek/4_semester/DIG/Projekt/PWM.vhd sub00/vhpl13 1493121488
EN prescalerpwm NULL /home/anders/Dropbox/Robtek/4_semester/DIG/Projekt/PrescalerPWM.vhd sub00/vhpl06 1493121481
AR motorcontroller behavioral /home/anders/Dropbox/Robtek/4_semester/DIG/Projekt/MotorController.vhd sub00/vhpl23 1493121498
AR prescalerpwm behavioral /home/anders/Dropbox/Robtek/4_semester/DIG/Projekt/PrescalerPWM.vhd sub00/vhpl07 1493121482
EN protocolspi NULL /home/anders/Dropbox/Robtek/4_semester/DIG/Projekt/ProtocolSpi.vhd sub00/vhpl20 1493121495
EN encoder_filter NULL /home/anders/Dropbox/Robtek/4_semester/DIG/Projekt/Encoder_filter.vhd sub00/vhpl04 1493121479
EN velocity NULL /home/anders/Dropbox/Robtek/4_semester/DIG/Projekt/Velocity.vhd sub00/vhpl16 1493121491
AR velocity behavioral /home/anders/Dropbox/Robtek/4_semester/DIG/Projekt/Velocity.vhd sub00/vhpl17 1493121492
EN velocityclk NULL /home/anders/Dropbox/Robtek/4_semester/DIG/Projekt/VelocityCLK.vhd sub00/vhpl00 1493121475
