AR encoder behavioral /home/anders/Dropbox/Robtek/4_semester/DIG/Projekt/Encoder.vhd sub00/vhpl11 1492615710
EN onekhz NULL /home/anders/Dropbox/Robtek/4_semester/DIG/Projekt/OneKHz.vhd sub00/vhpl00 1492615699
AR main behavioral /home/anders/Dropbox/Robtek/4_semester/DIG/Projekt/Main.vhd sub00/vhpl21 1492615720
EN pwm NULL /home/anders/Dropbox/Robtek/4_semester/DIG/Projekt/PWM.vhd sub00/vhpl08 1492615707
AR protocolspi behavioral /home/anders/Dropbox/Robtek/4_semester/DIG/Projekt/ProtocolSpi.vhd sub00/vhpl17 1492615716
AR seg7 behavioral /home/anders/Dropbox/Robtek/4_semester/DIG/Projekt/seg7.vhd sub00/vhpl13 1492615712
EN spi NULL /home/anders/Dropbox/Robtek/4_semester/DIG/Projekt/SPI.vhd sub00/vhpl14 1492615713
AR spi behavioral /home/anders/Dropbox/Robtek/4_semester/DIG/Projekt/SPI.vhd sub00/vhpl15 1492615714
EN prescalertransistor NULL /home/anders/Dropbox/Robtek/4_semester/DIG/Projekt/PrescalerTransistor.vhd sub00/vhpl06 1492615705
EN motorcontroller NULL /home/anders/Dropbox/Robtek/4_semester/DIG/Projekt/MotorController.vhd sub00/vhpl18 1492615717
AR onekhz behavioral /home/anders/Dropbox/Robtek/4_semester/DIG/Projekt/OneKHz.vhd sub00/vhpl01 1492615700
EN main NULL /home/anders/Dropbox/Robtek/4_semester/DIG/Projekt/Main.vhd sub00/vhpl20 1492615719
AR encoder_filter behavioral /home/anders/Dropbox/Robtek/4_semester/DIG/Projekt/Encoder_filter.vhd sub00/vhpl03 1492615702
EN seg7 NULL /home/anders/Dropbox/Robtek/4_semester/DIG/Projekt/seg7.vhd sub00/vhpl12 1492615711
EN encoder NULL /home/anders/Dropbox/Robtek/4_semester/DIG/Projekt/Encoder.vhd sub00/vhpl10 1492615709
AR prescalertransistor behavioral /home/anders/Dropbox/Robtek/4_semester/DIG/Projekt/PrescalerTransistor.vhd sub00/vhpl07 1492615706
AR pwm behavioral /home/anders/Dropbox/Robtek/4_semester/DIG/Projekt/PWM.vhd sub00/vhpl09 1492615708
EN prescalerpwm NULL /home/anders/Dropbox/Robtek/4_semester/DIG/Projekt/PrescalerPWM.vhd sub00/vhpl04 1492615703
AR motorcontroller behavioral /home/anders/Dropbox/Robtek/4_semester/DIG/Projekt/MotorController.vhd sub00/vhpl19 1492615718
AR prescalerpwm behavioral /home/anders/Dropbox/Robtek/4_semester/DIG/Projekt/PrescalerPWM.vhd sub00/vhpl05 1492615704
EN protocolspi NULL /home/anders/Dropbox/Robtek/4_semester/DIG/Projekt/ProtocolSpi.vhd sub00/vhpl16 1492615715
EN encoder_filter NULL /home/anders/Dropbox/Robtek/4_semester/DIG/Projekt/Encoder_filter.vhd sub00/vhpl02 1492615701
