Archive member included because of file (symbol)

c:/ti/ccsv7/tools/compiler/gcc-arm-none-eabi-4_9-2015q3/bin/../lib/gcc/arm-none-eabi/4.9.3/armv7e-m/fpu\libgcc.a(_arm_addsubdf3.o)
                              ./regulering.o (__aeabi_ui2d)
c:/ti/ccsv7/tools/compiler/gcc-arm-none-eabi-4_9-2015q3/bin/../lib/gcc/arm-none-eabi/4.9.3/armv7e-m/fpu\libgcc.a(_arm_muldivdf3.o)
                              ./regulering.o (__aeabi_ddiv)
c:/ti/ccsv7/tools/compiler/gcc-arm-none-eabi-4_9-2015q3/bin/../lib/gcc/arm-none-eabi/4.9.3/armv7e-m/fpu\libgcc.a(_arm_fixunsdfsi.o)
                              ./regulering.o (__aeabi_d2uiz)
c:/ti/ccsv7/tools/compiler/gcc-arm-none-eabi-4_9-2015q3/bin/../lib/gcc/arm-none-eabi/4.9.3/../../../../arm-none-eabi/lib/armv7e-m/fpu\libg.a(lib_a-exit.o)
                              c:/ti/ccsv7/tools/compiler/gcc-arm-none-eabi-4_9-2015q3/bin/../lib/gcc/arm-none-eabi/4.9.3/../../../../arm-none-eabi/lib/armv7e-m/fpu/crt0.o (exit)
c:/ti/ccsv7/tools/compiler/gcc-arm-none-eabi-4_9-2015q3/bin/../lib/gcc/arm-none-eabi/4.9.3/../../../../arm-none-eabi/lib/armv7e-m/fpu\libg.a(lib_a-impure.o)
                              c:/ti/ccsv7/tools/compiler/gcc-arm-none-eabi-4_9-2015q3/bin/../lib/gcc/arm-none-eabi/4.9.3/../../../../arm-none-eabi/lib/armv7e-m/fpu\libg.a(lib_a-exit.o) (_global_impure_ptr)
c:/ti/ccsv7/tools/compiler/gcc-arm-none-eabi-4_9-2015q3/bin/../lib/gcc/arm-none-eabi/4.9.3/../../../../arm-none-eabi/lib/armv7e-m/fpu\libg.a(lib_a-init.o)
                              c:/ti/ccsv7/tools/compiler/gcc-arm-none-eabi-4_9-2015q3/bin/../lib/gcc/arm-none-eabi/4.9.3/../../../../arm-none-eabi/lib/armv7e-m/fpu/crt0.o (__libc_init_array)
c:/ti/ccsv7/tools/compiler/gcc-arm-none-eabi-4_9-2015q3/bin/../lib/gcc/arm-none-eabi/4.9.3/../../../../arm-none-eabi/lib/armv7e-m/fpu\libg.a(lib_a-memset.o)
                              c:/ti/ccsv7/tools/compiler/gcc-arm-none-eabi-4_9-2015q3/bin/../lib/gcc/arm-none-eabi/4.9.3/../../../../arm-none-eabi/lib/armv7e-m/fpu/crt0.o (memset)
c:/ti/ccsv7/tools/compiler/gcc-arm-none-eabi-4_9-2015q3/bin/../lib/gcc/arm-none-eabi/4.9.3/../../../../arm-none-eabi/lib/armv7e-m/fpu\libg.a(lib_a-__call_atexit.o)
                              c:/ti/ccsv7/tools/compiler/gcc-arm-none-eabi-4_9-2015q3/bin/../lib/gcc/arm-none-eabi/4.9.3/../../../../arm-none-eabi/lib/armv7e-m/fpu\libg.a(lib_a-exit.o) (__call_exitprocs)
c:/ti/ccsv7/tools/compiler/gcc-arm-none-eabi-4_9-2015q3/bin/../lib/gcc/arm-none-eabi/4.9.3/../../../../arm-none-eabi/lib/armv7e-m/fpu\libg.a(lib_a-atexit.o)
                              c:/ti/ccsv7/tools/compiler/gcc-arm-none-eabi-4_9-2015q3/bin/../lib/gcc/arm-none-eabi/4.9.3/../../../../arm-none-eabi/lib/armv7e-m/fpu\libg.a(lib_a-__call_atexit.o) (atexit)
c:/ti/ccsv7/tools/compiler/gcc-arm-none-eabi-4_9-2015q3/bin/../lib/gcc/arm-none-eabi/4.9.3/../../../../arm-none-eabi/lib/armv7e-m/fpu\libg.a(lib_a-fini.o)
                              c:/ti/ccsv7/tools/compiler/gcc-arm-none-eabi-4_9-2015q3/bin/../lib/gcc/arm-none-eabi/4.9.3/../../../../arm-none-eabi/lib/armv7e-m/fpu\libg.a(lib_a-__call_atexit.o) (__libc_fini_array)
c:/ti/ccsv7/tools/compiler/gcc-arm-none-eabi-4_9-2015q3/bin/../lib/gcc/arm-none-eabi/4.9.3/../../../../arm-none-eabi/lib/armv7e-m/fpu\libg.a(lib_a-__atexit.o)
                              c:/ti/ccsv7/tools/compiler/gcc-arm-none-eabi-4_9-2015q3/bin/../lib/gcc/arm-none-eabi/4.9.3/../../../../arm-none-eabi/lib/armv7e-m/fpu\libg.a(lib_a-atexit.o) (__register_exitproc)
c:/ti/ccsv7/tools/compiler/gcc-arm-none-eabi-4_9-2015q3/bin/../lib/gcc/arm-none-eabi/4.9.3/../../../../arm-none-eabi/lib/armv7e-m/fpu\libnosys.a(_exit.o)
                              c:/ti/ccsv7/tools/compiler/gcc-arm-none-eabi-4_9-2015q3/bin/../lib/gcc/arm-none-eabi/4.9.3/../../../../arm-none-eabi/lib/armv7e-m/fpu\libg.a(lib_a-exit.o) (_exit)

Allocating common symbols
Common symbol       size              file

c                   0x1               ./main.o
RX_SPI              0x4               ./main.o
TX_SPI              0x4               ./main.o
var                 0x1               ./main.o

Memory Configuration

Name             Origin             Length             Attributes
FLASH            0x00000000         0x00040000         xr
SRAM             0x20000000         0x00008000         xw
*default*        0x00000000         0xffffffff

Linker script and memory map

LOAD c:/ti/ccsv7/tools/compiler/gcc-arm-none-eabi-4_9-2015q3/bin/../lib/gcc/arm-none-eabi/4.9.3/armv7e-m/fpu/crti.o
LOAD c:/ti/ccsv7/tools/compiler/gcc-arm-none-eabi-4_9-2015q3/bin/../lib/gcc/arm-none-eabi/4.9.3/armv7e-m/fpu/crtbegin.o
LOAD c:/ti/ccsv7/tools/compiler/gcc-arm-none-eabi-4_9-2015q3/bin/../lib/gcc/arm-none-eabi/4.9.3/../../../../arm-none-eabi/lib/armv7e-m/fpu/crt0.o
LOAD ./UI.o
LOAD ./button.o
LOAD ./button2.o
LOAD ./counter.o
LOAD ./countled.o
LOAD ./gpio.o
LOAD ./main.o
LOAD ./protokol.o
LOAD ./regulering.o
LOAD ./spi.o
LOAD ./systick.o
LOAD ./tm4c123gh6pm_startup_ccs_gcc.o
LOAD ./uart.o
                0x00000000                PROVIDE (_intvecs_base_address, 0x0)

.intvecs        0x00000000      0x26c
 *(.intvecs)
 .intvecs       0x00000000      0x26c ./tm4c123gh6pm_startup_ccs_gcc.o
                0x00000000                g_pfnVectors
                0x20000000                PROVIDE (_vtable_base_address, 0x20000000)

.vtable
 *(.vtable)

.text           0x00000270     0x20dc
 CREATE_OBJECT_SYMBOLS
 *(.text)
 .text          0x00000270        0x0 c:/ti/ccsv7/tools/compiler/gcc-arm-none-eabi-4_9-2015q3/bin/../lib/gcc/arm-none-eabi/4.9.3/armv7e-m/fpu/crti.o
 .text          0x00000270       0x5c c:/ti/ccsv7/tools/compiler/gcc-arm-none-eabi-4_9-2015q3/bin/../lib/gcc/arm-none-eabi/4.9.3/armv7e-m/fpu/crtbegin.o
 .text          0x000002cc       0x74 c:/ti/ccsv7/tools/compiler/gcc-arm-none-eabi-4_9-2015q3/bin/../lib/gcc/arm-none-eabi/4.9.3/../../../../arm-none-eabi/lib/armv7e-m/fpu/crt0.o
                0x000002cc                _start
                0x000002cc                _mainCRTStartup
 .text          0x00000340        0x0 ./UI.o
 .text          0x00000340        0x0 ./button.o
 .text          0x00000340        0x0 ./button2.o
 .text          0x00000340        0x0 ./counter.o
 .text          0x00000340        0x0 ./countled.o
 .text          0x00000340        0x0 ./gpio.o
 .text          0x00000340        0x0 ./main.o
 .text          0x00000340        0x0 ./protokol.o
 .text          0x00000340        0x0 ./regulering.o
 .text          0x00000340        0x0 ./spi.o
 .text          0x00000340        0x0 ./systick.o
 .text          0x00000340        0x0 ./tm4c123gh6pm_startup_ccs_gcc.o
 .text          0x00000340        0x0 ./uart.o
 .text          0x00000340      0x370 c:/ti/ccsv7/tools/compiler/gcc-arm-none-eabi-4_9-2015q3/bin/../lib/gcc/arm-none-eabi/4.9.3/armv7e-m/fpu\libgcc.a(_arm_addsubdf3.o)
                0x00000340                __aeabi_drsub
                0x00000348                __aeabi_dsub
                0x00000348                __subdf3
                0x0000034c                __aeabi_dadd
                0x0000034c                __adddf3
                0x000005c4                __floatunsidf
                0x000005c4                __aeabi_ui2d
                0x000005e4                __floatsidf
                0x000005e4                __aeabi_i2d
                0x00000608                __aeabi_f2d
                0x00000608                __extendsfdf2
                0x00000644                __floatundidf
                0x00000644                __aeabi_ul2d
                0x00000654                __floatdidf
                0x00000654                __aeabi_l2d
 .text          0x000006b0      0x424 c:/ti/ccsv7/tools/compiler/gcc-arm-none-eabi-4_9-2015q3/bin/../lib/gcc/arm-none-eabi/4.9.3/armv7e-m/fpu\libgcc.a(_arm_muldivdf3.o)
                0x000006b0                __aeabi_dmul
                0x000006b0                __muldf3
                0x00000904                __divdf3
                0x00000904                __aeabi_ddiv
 .text          0x00000ad4       0x40 c:/ti/ccsv7/tools/compiler/gcc-arm-none-eabi-4_9-2015q3/bin/../lib/gcc/arm-none-eabi/4.9.3/armv7e-m/fpu\libgcc.a(_arm_fixunsdfsi.o)
                0x00000ad4                __aeabi_d2uiz
                0x00000ad4                __fixunsdfsi
 .text          0x00000b14        0x0 c:/ti/ccsv7/tools/compiler/gcc-arm-none-eabi-4_9-2015q3/bin/../lib/gcc/arm-none-eabi/4.9.3/../../../../arm-none-eabi/lib/armv7e-m/fpu\libg.a(lib_a-exit.o)
 .text          0x00000b14        0x0 c:/ti/ccsv7/tools/compiler/gcc-arm-none-eabi-4_9-2015q3/bin/../lib/gcc/arm-none-eabi/4.9.3/../../../../arm-none-eabi/lib/armv7e-m/fpu\libg.a(lib_a-impure.o)
 .text          0x00000b14        0x0 c:/ti/ccsv7/tools/compiler/gcc-arm-none-eabi-4_9-2015q3/bin/../lib/gcc/arm-none-eabi/4.9.3/../../../../arm-none-eabi/lib/armv7e-m/fpu\libg.a(lib_a-init.o)
 .text          0x00000b14        0x0 c:/ti/ccsv7/tools/compiler/gcc-arm-none-eabi-4_9-2015q3/bin/../lib/gcc/arm-none-eabi/4.9.3/../../../../arm-none-eabi/lib/armv7e-m/fpu\libg.a(lib_a-memset.o)
 .text          0x00000b14        0x0 c:/ti/ccsv7/tools/compiler/gcc-arm-none-eabi-4_9-2015q3/bin/../lib/gcc/arm-none-eabi/4.9.3/../../../../arm-none-eabi/lib/armv7e-m/fpu\libg.a(lib_a-__call_atexit.o)
 .text          0x00000b14        0x0 c:/ti/ccsv7/tools/compiler/gcc-arm-none-eabi-4_9-2015q3/bin/../lib/gcc/arm-none-eabi/4.9.3/../../../../arm-none-eabi/lib/armv7e-m/fpu\libg.a(lib_a-atexit.o)
 .text          0x00000b14        0x0 c:/ti/ccsv7/tools/compiler/gcc-arm-none-eabi-4_9-2015q3/bin/../lib/gcc/arm-none-eabi/4.9.3/../../../../arm-none-eabi/lib/armv7e-m/fpu\libg.a(lib_a-fini.o)
 .text          0x00000b14        0x0 c:/ti/ccsv7/tools/compiler/gcc-arm-none-eabi-4_9-2015q3/bin/../lib/gcc/arm-none-eabi/4.9.3/../../../../arm-none-eabi/lib/armv7e-m/fpu\libg.a(lib_a-__atexit.o)
 .text          0x00000b14        0x0 c:/ti/ccsv7/tools/compiler/gcc-arm-none-eabi-4_9-2015q3/bin/../lib/gcc/arm-none-eabi/4.9.3/../../../../arm-none-eabi/lib/armv7e-m/fpu\libnosys.a(_exit.o)
 .text          0x00000b14        0x0 c:/ti/ccsv7/tools/compiler/gcc-arm-none-eabi-4_9-2015q3/bin/../lib/gcc/arm-none-eabi/4.9.3/armv7e-m/fpu/crtend.o
 .text          0x00000b14        0x0 c:/ti/ccsv7/tools/compiler/gcc-arm-none-eabi-4_9-2015q3/bin/../lib/gcc/arm-none-eabi/4.9.3/armv7e-m/fpu/crtn.o
 *(.text.*)
 .text.UI_      0x00000b14      0x45c ./UI.o
                0x00000b14                UI_
 .text.sw1      0x00000f70       0x90 ./UI.o
                0x00000f70                sw1
 .text.button_pushed
                0x00001000       0x24 ./button.o
                0x00001000                button_pushed
 .text.select_button
                0x00001024      0x120 ./button.o
                0x00001024                select_button
 .text.button_pushed_sw2
                0x00001144       0x24 ./button2.o
                0x00001144                button_pushed_sw2
 .text.select_button2
                0x00001168      0x120 ./button2.o
                0x00001168                select_button2
 .text.counter  0x00001288      0x124 ./counter.o
                0x00001288                counter
 .text.counter_leds
                0x000013ac       0x84 ./countled.o
                0x000013ac                counter_leds
 .text.init_gpio
                0x00001430       0x54 ./gpio.o
                0x00001430                init_gpio
 .text.main     0x00001484       0x9c ./main.o
                0x00001484                main
 .text.set_spd_get_cur_motor_1
                0x00001520       0x2c ./protokol.o
                0x00001520                set_spd_get_cur_motor_1
 .text.get_cur_motor_1
                0x0000154c       0x20 ./protokol.o
                0x0000154c                get_cur_motor_1
 .text.get_spd_motor_1
                0x0000156c       0x1c ./protokol.o
                0x0000156c                get_spd_motor_1
 .text.get_enc_motor_1
                0x00001588       0x1c ./protokol.o
                0x00001588                get_enc_motor_1
 .text.set_spd_get_cur_motor_2
                0x000015a4       0x2c ./protokol.o
                0x000015a4                set_spd_get_cur_motor_2
 .text.get_cur_motor_2
                0x000015d0       0x1c ./protokol.o
                0x000015d0                get_cur_motor_2
 .text.get_spd_motor_2
                0x000015ec       0x1c ./protokol.o
                0x000015ec                get_spd_motor_2
 .text.get_enc_motor_2
                0x00001608       0x1c ./protokol.o
                0x00001608                get_enc_motor_2
 .text.reset_motor_enc
                0x00001624       0x1c ./protokol.o
                0x00001624                reset_motor_enc
 .text.test     0x00001640       0x1c ./protokol.o
                0x00001640                test
 *fill*         0x0000165c        0x4 
 .text.tToSpeed
                0x00001660       0x68 ./regulering.o
                0x00001660                tToSpeed
 .text.goTo     0x000016c8      0x210 ./regulering.o
                0x000016c8                goTo
 .text.goTo2    0x000018d8      0x210 ./regulering.o
                0x000018d8                goTo2
 .text.readSPI  0x00001ae8       0x30 ./spi.o
                0x00001ae8                readSPI
 .text.writeSPI
                0x00001b18       0x30 ./spi.o
                0x00001b18                writeSPI
 .text.clr_rx_spi
                0x00001b48       0x28 ./spi.o
                0x00001b48                clr_rx_spi
 .text.init_spi2
                0x00001b70       0x90 ./spi.o
                0x00001b70                init_spi2
 .text.systick_handler
                0x00001c00       0x24 ./systick.o
                0x00001c00                systick_handler
 .text.enable_global_int
                0x00001c24       0x10 ./systick.o
                0x00001c24                enable_global_int
 .text.disable_global_int
                0x00001c34       0x10 ./systick.o
                0x00001c34                disable_global_int
 .text.init_systick
                0x00001c44       0x84 ./systick.o
                0x00001c44                init_systick
 .text.ResetISR
                0x00001cc8       0x68 ./tm4c123gh6pm_startup_ccs_gcc.o
                0x00001cc8                ResetISR
 .text.NmiSR    0x00001d30        0x8 ./tm4c123gh6pm_startup_ccs_gcc.o
 .text.FaultISR
                0x00001d38        0x8 ./tm4c123gh6pm_startup_ccs_gcc.o
 .text.IntDefaultHandler
                0x00001d40        0x8 ./tm4c123gh6pm_startup_ccs_gcc.o
 .text.lcrh_databits
                0x00001d48       0x2c ./uart.o
                0x00001d48                lcrh_databits
 .text.lcrh_stopbits
                0x00001d74       0x24 ./uart.o
                0x00001d74                lcrh_stopbits
 .text.lcrh_parity
                0x00001d98       0x50 ./uart.o
                0x00001d98                lcrh_parity
 .text.uart0_fifos_enable
                0x00001de8       0x1c ./uart.o
                0x00001de8                uart0_fifos_enable
 .text.uart0_fifos_disable
                0x00001e04       0x1c ./uart.o
                0x00001e04                uart0_fifos_disable
 .text.uart0_rx_rdy
                0x00001e20       0x20 ./uart.o
                0x00001e20                uart0_rx_rdy
 .text.uart0_getc
                0x00001e40       0x18 ./uart.o
                0x00001e40                uart0_getc
 .text.uart0_tx_rdy
                0x00001e58       0x20 ./uart.o
                0x00001e58                uart0_tx_rdy
 .text.uart0_putc
                0x00001e78       0x20 ./uart.o
                0x00001e78                uart0_putc
 .text.uartReadChar
                0x00001e98       0x20 ./uart.o
                0x00001e98                uartReadChar
 .text.uartWriteChar
                0x00001eb8       0x30 ./uart.o
                0x00001eb8                uartWriteChar
 .text.uartWriteStr
                0x00001ee8       0x28 ./uart.o
                0x00001ee8                uartWriteStr
 .text.UART_OutUDec
                0x00001f10       0x4c ./uart.o
                0x00001f10                UART_OutUDec
 .text.init_uart0
                0x00001f5c       0xf8 ./uart.o
                0x00001f5c                init_uart0
 .text.exit     0x00002054       0x20 c:/ti/ccsv7/tools/compiler/gcc-arm-none-eabi-4_9-2015q3/bin/../lib/gcc/arm-none-eabi/4.9.3/../../../../arm-none-eabi/lib/armv7e-m/fpu\libg.a(lib_a-exit.o)
                0x00002054                exit
 .text.__libc_init_array
                0x00002074       0x50 c:/ti/ccsv7/tools/compiler/gcc-arm-none-eabi-4_9-2015q3/bin/../lib/gcc/arm-none-eabi/4.9.3/../../../../arm-none-eabi/lib/armv7e-m/fpu\libg.a(lib_a-init.o)
                0x00002074                __libc_init_array
 .text.memset   0x000020c4       0x9c c:/ti/ccsv7/tools/compiler/gcc-arm-none-eabi-4_9-2015q3/bin/../lib/gcc/arm-none-eabi/4.9.3/../../../../arm-none-eabi/lib/armv7e-m/fpu\libg.a(lib_a-memset.o)
                0x000020c4                memset
 .text.startup.register_fini
                0x00002160       0x14 c:/ti/ccsv7/tools/compiler/gcc-arm-none-eabi-4_9-2015q3/bin/../lib/gcc/arm-none-eabi/4.9.3/../../../../arm-none-eabi/lib/armv7e-m/fpu\libg.a(lib_a-__call_atexit.o)
 .text.__call_exitprocs
                0x00002174       0xd4 c:/ti/ccsv7/tools/compiler/gcc-arm-none-eabi-4_9-2015q3/bin/../lib/gcc/arm-none-eabi/4.9.3/../../../../arm-none-eabi/lib/armv7e-m/fpu\libg.a(lib_a-__call_atexit.o)
                0x00002174                __call_exitprocs
 .text.atexit   0x00002248        0xc c:/ti/ccsv7/tools/compiler/gcc-arm-none-eabi-4_9-2015q3/bin/../lib/gcc/arm-none-eabi/4.9.3/../../../../arm-none-eabi/lib/armv7e-m/fpu\libg.a(lib_a-atexit.o)
                0x00002248                atexit
 .text.__libc_fini_array
                0x00002254       0x2c c:/ti/ccsv7/tools/compiler/gcc-arm-none-eabi-4_9-2015q3/bin/../lib/gcc/arm-none-eabi/4.9.3/../../../../arm-none-eabi/lib/armv7e-m/fpu\libg.a(lib_a-fini.o)
                0x00002254                __libc_fini_array
 .text.__register_exitproc
                0x00002280       0xa4 c:/ti/ccsv7/tools/compiler/gcc-arm-none-eabi-4_9-2015q3/bin/../lib/gcc/arm-none-eabi/4.9.3/../../../../arm-none-eabi/lib/armv7e-m/fpu\libg.a(lib_a-__atexit.o)
                0x00002280                __register_exitproc
 .text._exit    0x00002324        0x4 c:/ti/ccsv7/tools/compiler/gcc-arm-none-eabi-4_9-2015q3/bin/../lib/gcc/arm-none-eabi/4.9.3/../../../../arm-none-eabi/lib/armv7e-m/fpu\libnosys.a(_exit.o)
                0x00002324                _exit
                0x00002328                . = ALIGN (0x4)
 *(.ctors)
                0x00002328                . = ALIGN (0x4)
 *(.dtors)
                0x00002328                . = ALIGN (0x4)
                0x00002328                __init_array_start = .
 *(.init_array*)
 .init_array    0x00002328        0x4 c:/ti/ccsv7/tools/compiler/gcc-arm-none-eabi-4_9-2015q3/bin/../lib/gcc/arm-none-eabi/4.9.3/armv7e-m/fpu/crtbegin.o
 .init_array.00000
                0x0000232c        0x4 c:/ti/ccsv7/tools/compiler/gcc-arm-none-eabi-4_9-2015q3/bin/../lib/gcc/arm-none-eabi/4.9.3/../../../../arm-none-eabi/lib/armv7e-m/fpu\libg.a(lib_a-__call_atexit.o)
                0x00002330                __init_array_end = .
 *(.init)
 .init          0x00002330        0x4 c:/ti/ccsv7/tools/compiler/gcc-arm-none-eabi-4_9-2015q3/bin/../lib/gcc/arm-none-eabi/4.9.3/armv7e-m/fpu/crti.o
                0x00002330                _init
 .init          0x00002334        0x8 c:/ti/ccsv7/tools/compiler/gcc-arm-none-eabi-4_9-2015q3/bin/../lib/gcc/arm-none-eabi/4.9.3/armv7e-m/fpu/crtn.o
 *(.fini*)
 .fini          0x0000233c        0x4 c:/ti/ccsv7/tools/compiler/gcc-arm-none-eabi-4_9-2015q3/bin/../lib/gcc/arm-none-eabi/4.9.3/armv7e-m/fpu/crti.o
                0x0000233c                _fini
 .fini_array    0x00002340        0x4 c:/ti/ccsv7/tools/compiler/gcc-arm-none-eabi-4_9-2015q3/bin/../lib/gcc/arm-none-eabi/4.9.3/armv7e-m/fpu/crtbegin.o
 .fini          0x00002344        0x8 c:/ti/ccsv7/tools/compiler/gcc-arm-none-eabi-4_9-2015q3/bin/../lib/gcc/arm-none-eabi/4.9.3/armv7e-m/fpu/crtn.o
                0x0000234c                PROVIDE (__etext, .)
                0x0000234c                PROVIDE (_etext, .)
                0x0000234c                PROVIDE (etext, .)

.glue_7         0x0000234c        0x0
 .glue_7        0x00000000        0x0 linker stubs

.glue_7t        0x0000234c        0x0
 .glue_7t       0x00000000        0x0 linker stubs

.vfp11_veneer   0x0000234c        0x0
 .vfp11_veneer  0x00000000        0x0 linker stubs

.v4_bx          0x0000234c        0x0
 .v4_bx         0x00000000        0x0 linker stubs

.iplt           0x0000234c        0x0
 .iplt          0x00000000        0x0 c:/ti/ccsv7/tools/compiler/gcc-arm-none-eabi-4_9-2015q3/bin/../lib/gcc/arm-none-eabi/4.9.3/armv7e-m/fpu/crtbegin.o

.rodata         0x0000234c       0x24
 *(.rodata)
 .rodata        0x0000234c       0x1b ./UI.o
 *(.rodata*)
 *fill*         0x00002367        0x1 
 .rodata.str1.4
                0x00002368        0x4 c:/ti/ccsv7/tools/compiler/gcc-arm-none-eabi-4_9-2015q3/bin/../lib/gcc/arm-none-eabi/4.9.3/../../../../arm-none-eabi/lib/armv7e-m/fpu\libg.a(lib_a-impure.o)
                                  0x2 (size before relaxing)
 .rodata._global_impure_ptr
                0x0000236c        0x4 c:/ti/ccsv7/tools/compiler/gcc-arm-none-eabi-4_9-2015q3/bin/../lib/gcc/arm-none-eabi/4.9.3/../../../../arm-none-eabi/lib/armv7e-m/fpu\libg.a(lib_a-impure.o)
                0x0000236c                _global_impure_ptr

.eh_frame       0x00002370        0x4
 .eh_frame      0x00002370        0x0 c:/ti/ccsv7/tools/compiler/gcc-arm-none-eabi-4_9-2015q3/bin/../lib/gcc/arm-none-eabi/4.9.3/armv7e-m/fpu/crtbegin.o
 .eh_frame      0x00002370        0x4 c:/ti/ccsv7/tools/compiler/gcc-arm-none-eabi-4_9-2015q3/bin/../lib/gcc/arm-none-eabi/4.9.3/armv7e-m/fpu/crtend.o

.data           0x20000000      0x434 load address 0x00002374
                0x00002374                __data_load__ = LOADADDR (.data)
                0x20000000                __data_start__ = .
 *(.data)
 .data          0x20000000        0x0 c:/ti/ccsv7/tools/compiler/gcc-arm-none-eabi-4_9-2015q3/bin/../lib/gcc/arm-none-eabi/4.9.3/armv7e-m/fpu/crti.o
 .data          0x20000000        0x4 c:/ti/ccsv7/tools/compiler/gcc-arm-none-eabi-4_9-2015q3/bin/../lib/gcc/arm-none-eabi/4.9.3/armv7e-m/fpu/crtbegin.o
                0x20000000                __dso_handle
 .data          0x20000004        0x0 c:/ti/ccsv7/tools/compiler/gcc-arm-none-eabi-4_9-2015q3/bin/../lib/gcc/arm-none-eabi/4.9.3/../../../../arm-none-eabi/lib/armv7e-m/fpu/crt0.o
 .data          0x20000004        0x0 ./UI.o
 .data          0x20000004        0x0 ./button.o
 .data          0x20000004        0x0 ./button2.o
 .data          0x20000004        0x0 ./counter.o
 .data          0x20000004        0x0 ./countled.o
 .data          0x20000004        0x0 ./gpio.o
 .data          0x20000004        0x0 ./main.o
 .data          0x20000004        0x0 ./protokol.o
 .data          0x20000004        0x0 ./regulering.o
 .data          0x20000004        0x0 ./spi.o
 .data          0x20000004        0x0 ./systick.o
 .data          0x20000004        0x0 ./tm4c123gh6pm_startup_ccs_gcc.o
 .data          0x20000004        0x0 ./uart.o
 .data          0x20000004        0x0 c:/ti/ccsv7/tools/compiler/gcc-arm-none-eabi-4_9-2015q3/bin/../lib/gcc/arm-none-eabi/4.9.3/armv7e-m/fpu\libgcc.a(_arm_addsubdf3.o)
 .data          0x20000004        0x0 c:/ti/ccsv7/tools/compiler/gcc-arm-none-eabi-4_9-2015q3/bin/../lib/gcc/arm-none-eabi/4.9.3/armv7e-m/fpu\libgcc.a(_arm_muldivdf3.o)
 .data          0x20000004        0x0 c:/ti/ccsv7/tools/compiler/gcc-arm-none-eabi-4_9-2015q3/bin/../lib/gcc/arm-none-eabi/4.9.3/armv7e-m/fpu\libgcc.a(_arm_fixunsdfsi.o)
 .data          0x20000004        0x0 c:/ti/ccsv7/tools/compiler/gcc-arm-none-eabi-4_9-2015q3/bin/../lib/gcc/arm-none-eabi/4.9.3/../../../../arm-none-eabi/lib/armv7e-m/fpu\libg.a(lib_a-exit.o)
 .data          0x20000004        0x0 c:/ti/ccsv7/tools/compiler/gcc-arm-none-eabi-4_9-2015q3/bin/../lib/gcc/arm-none-eabi/4.9.3/../../../../arm-none-eabi/lib/armv7e-m/fpu\libg.a(lib_a-impure.o)
 .data          0x20000004        0x0 c:/ti/ccsv7/tools/compiler/gcc-arm-none-eabi-4_9-2015q3/bin/../lib/gcc/arm-none-eabi/4.9.3/../../../../arm-none-eabi/lib/armv7e-m/fpu\libg.a(lib_a-init.o)
 .data          0x20000004        0x0 c:/ti/ccsv7/tools/compiler/gcc-arm-none-eabi-4_9-2015q3/bin/../lib/gcc/arm-none-eabi/4.9.3/../../../../arm-none-eabi/lib/armv7e-m/fpu\libg.a(lib_a-memset.o)
 .data          0x20000004        0x0 c:/ti/ccsv7/tools/compiler/gcc-arm-none-eabi-4_9-2015q3/bin/../lib/gcc/arm-none-eabi/4.9.3/../../../../arm-none-eabi/lib/armv7e-m/fpu\libg.a(lib_a-__call_atexit.o)
 .data          0x20000004        0x0 c:/ti/ccsv7/tools/compiler/gcc-arm-none-eabi-4_9-2015q3/bin/../lib/gcc/arm-none-eabi/4.9.3/../../../../arm-none-eabi/lib/armv7e-m/fpu\libg.a(lib_a-atexit.o)
 .data          0x20000004        0x0 c:/ti/ccsv7/tools/compiler/gcc-arm-none-eabi-4_9-2015q3/bin/../lib/gcc/arm-none-eabi/4.9.3/../../../../arm-none-eabi/lib/armv7e-m/fpu\libg.a(lib_a-fini.o)
 .data          0x20000004        0x0 c:/ti/ccsv7/tools/compiler/gcc-arm-none-eabi-4_9-2015q3/bin/../lib/gcc/arm-none-eabi/4.9.3/../../../../arm-none-eabi/lib/armv7e-m/fpu\libg.a(lib_a-__atexit.o)
 .data          0x20000004        0x0 c:/ti/ccsv7/tools/compiler/gcc-arm-none-eabi-4_9-2015q3/bin/../lib/gcc/arm-none-eabi/4.9.3/../../../../arm-none-eabi/lib/armv7e-m/fpu\libnosys.a(_exit.o)
 .data          0x20000004        0x0 c:/ti/ccsv7/tools/compiler/gcc-arm-none-eabi-4_9-2015q3/bin/../lib/gcc/arm-none-eabi/4.9.3/armv7e-m/fpu/crtend.o
 .data          0x20000004        0x0 c:/ti/ccsv7/tools/compiler/gcc-arm-none-eabi-4_9-2015q3/bin/../lib/gcc/arm-none-eabi/4.9.3/armv7e-m/fpu/crtn.o
 *(.data*)
 .data.destination.3973
                0x20000004        0x2 ./UI.o
 .data.iteration_counter.3976
                0x20000006        0x1 ./regulering.o
 .data.iteration_counter.3994
                0x20000007        0x1 ./regulering.o
 .data.impure_data
                0x20000008      0x428 c:/ti/ccsv7/tools/compiler/gcc-arm-none-eabi-4_9-2015q3/bin/../lib/gcc/arm-none-eabi/4.9.3/../../../../arm-none-eabi/lib/armv7e-m/fpu\libg.a(lib_a-impure.o)
 .data._impure_ptr
                0x20000430        0x4 c:/ti/ccsv7/tools/compiler/gcc-arm-none-eabi-4_9-2015q3/bin/../lib/gcc/arm-none-eabi/4.9.3/../../../../arm-none-eabi/lib/armv7e-m/fpu\libg.a(lib_a-impure.o)
                0x20000430                _impure_ptr
                0x20000434                . = ALIGN (0x4)
                0x20000434                __data_end__ = .

.jcr            0x20000434        0x4 load address 0x000027a8
 .jcr           0x20000434        0x0 c:/ti/ccsv7/tools/compiler/gcc-arm-none-eabi-4_9-2015q3/bin/../lib/gcc/arm-none-eabi/4.9.3/armv7e-m/fpu/crtbegin.o
 .jcr           0x20000434        0x4 c:/ti/ccsv7/tools/compiler/gcc-arm-none-eabi-4_9-2015q3/bin/../lib/gcc/arm-none-eabi/4.9.3/armv7e-m/fpu/crtend.o

.igot.plt       0x20000438        0x0 load address 0x000027ac
 .igot.plt      0x00000000        0x0 c:/ti/ccsv7/tools/compiler/gcc-arm-none-eabi-4_9-2015q3/bin/../lib/gcc/arm-none-eabi/4.9.3/armv7e-m/fpu/crtbegin.o

.ARM.exidx      0x000027ac        0x8
                0x000027ac                __exidx_start = .
 *(.ARM.exidx* .gnu.linkonce.armexidx.*)
 .ARM.exidx     0x000027ac        0x8 c:/ti/ccsv7/tools/compiler/gcc-arm-none-eabi-4_9-2015q3/bin/../lib/gcc/arm-none-eabi/4.9.3/../../../../arm-none-eabi/lib/armv7e-m/fpu/crt0.o
                0x000027b4                __exidx_end = .

.ARM.extab      0x000027b4        0x0
 *(.ARM.extab* .gnu.linkonce.armextab.*)
 .ARM.extab     0x000027b4        0x0 c:/ti/ccsv7/tools/compiler/gcc-arm-none-eabi-4_9-2015q3/bin/../lib/gcc/arm-none-eabi/4.9.3/../../../../arm-none-eabi/lib/armv7e-m/fpu/crt0.o

.rel.dyn        0x000027b4        0x0
 .rel.iplt      0x00000000        0x0 c:/ti/ccsv7/tools/compiler/gcc-arm-none-eabi-4_9-2015q3/bin/../lib/gcc/arm-none-eabi/4.9.3/armv7e-m/fpu/crtbegin.o

.bss            0x20000438      0x278
                0x20000438                __bss_start__ = .
 *(.shbss)
 *(.bss)
 .bss           0x20000438        0x0 c:/ti/ccsv7/tools/compiler/gcc-arm-none-eabi-4_9-2015q3/bin/../lib/gcc/arm-none-eabi/4.9.3/armv7e-m/fpu/crti.o
 .bss           0x20000438       0x1c c:/ti/ccsv7/tools/compiler/gcc-arm-none-eabi-4_9-2015q3/bin/../lib/gcc/arm-none-eabi/4.9.3/armv7e-m/fpu/crtbegin.o
 .bss           0x20000454        0x0 c:/ti/ccsv7/tools/compiler/gcc-arm-none-eabi-4_9-2015q3/bin/../lib/gcc/arm-none-eabi/4.9.3/../../../../arm-none-eabi/lib/armv7e-m/fpu/crt0.o
 .bss           0x20000454        0x0 ./UI.o
 .bss           0x20000454        0x0 ./button.o
 .bss           0x20000454        0x0 ./button2.o
 .bss           0x20000454        0x0 ./counter.o
 .bss           0x20000454        0x0 ./countled.o
 .bss           0x20000454        0x0 ./gpio.o
 .bss           0x20000454        0x0 ./main.o
 .bss           0x20000454        0x0 ./protokol.o
 .bss           0x20000454        0x0 ./regulering.o
 .bss           0x20000454        0x0 ./spi.o
 .bss           0x20000454        0x0 ./systick.o
 .bss           0x20000454        0x0 ./tm4c123gh6pm_startup_ccs_gcc.o
 .bss           0x20000454        0x0 ./uart.o
 .bss           0x20000454        0x0 c:/ti/ccsv7/tools/compiler/gcc-arm-none-eabi-4_9-2015q3/bin/../lib/gcc/arm-none-eabi/4.9.3/armv7e-m/fpu\libgcc.a(_arm_addsubdf3.o)
 .bss           0x20000454        0x0 c:/ti/ccsv7/tools/compiler/gcc-arm-none-eabi-4_9-2015q3/bin/../lib/gcc/arm-none-eabi/4.9.3/armv7e-m/fpu\libgcc.a(_arm_muldivdf3.o)
 .bss           0x20000454        0x0 c:/ti/ccsv7/tools/compiler/gcc-arm-none-eabi-4_9-2015q3/bin/../lib/gcc/arm-none-eabi/4.9.3/armv7e-m/fpu\libgcc.a(_arm_fixunsdfsi.o)
 .bss           0x20000454        0x0 c:/ti/ccsv7/tools/compiler/gcc-arm-none-eabi-4_9-2015q3/bin/../lib/gcc/arm-none-eabi/4.9.3/../../../../arm-none-eabi/lib/armv7e-m/fpu\libg.a(lib_a-exit.o)
 .bss           0x20000454        0x0 c:/ti/ccsv7/tools/compiler/gcc-arm-none-eabi-4_9-2015q3/bin/../lib/gcc/arm-none-eabi/4.9.3/../../../../arm-none-eabi/lib/armv7e-m/fpu\libg.a(lib_a-impure.o)
 .bss           0x20000454        0x0 c:/ti/ccsv7/tools/compiler/gcc-arm-none-eabi-4_9-2015q3/bin/../lib/gcc/arm-none-eabi/4.9.3/../../../../arm-none-eabi/lib/armv7e-m/fpu\libg.a(lib_a-init.o)
 .bss           0x20000454        0x0 c:/ti/ccsv7/tools/compiler/gcc-arm-none-eabi-4_9-2015q3/bin/../lib/gcc/arm-none-eabi/4.9.3/../../../../arm-none-eabi/lib/armv7e-m/fpu\libg.a(lib_a-memset.o)
 .bss           0x20000454        0x0 c:/ti/ccsv7/tools/compiler/gcc-arm-none-eabi-4_9-2015q3/bin/../lib/gcc/arm-none-eabi/4.9.3/../../../../arm-none-eabi/lib/armv7e-m/fpu\libg.a(lib_a-__call_atexit.o)
 .bss           0x20000454        0x0 c:/ti/ccsv7/tools/compiler/gcc-arm-none-eabi-4_9-2015q3/bin/../lib/gcc/arm-none-eabi/4.9.3/../../../../arm-none-eabi/lib/armv7e-m/fpu\libg.a(lib_a-atexit.o)
 .bss           0x20000454        0x0 c:/ti/ccsv7/tools/compiler/gcc-arm-none-eabi-4_9-2015q3/bin/../lib/gcc/arm-none-eabi/4.9.3/../../../../arm-none-eabi/lib/armv7e-m/fpu\libg.a(lib_a-fini.o)
 .bss           0x20000454        0x0 c:/ti/ccsv7/tools/compiler/gcc-arm-none-eabi-4_9-2015q3/bin/../lib/gcc/arm-none-eabi/4.9.3/../../../../arm-none-eabi/lib/armv7e-m/fpu\libg.a(lib_a-__atexit.o)
 .bss           0x20000454        0x0 c:/ti/ccsv7/tools/compiler/gcc-arm-none-eabi-4_9-2015q3/bin/../lib/gcc/arm-none-eabi/4.9.3/../../../../arm-none-eabi/lib/armv7e-m/fpu\libnosys.a(_exit.o)
 .bss           0x20000454        0x0 c:/ti/ccsv7/tools/compiler/gcc-arm-none-eabi-4_9-2015q3/bin/../lib/gcc/arm-none-eabi/4.9.3/armv7e-m/fpu/crtend.o
 .bss           0x20000454        0x0 c:/ti/ccsv7/tools/compiler/gcc-arm-none-eabi-4_9-2015q3/bin/../lib/gcc/arm-none-eabi/4.9.3/armv7e-m/fpu/crtn.o
 *(.bss.*)
 .bss.hej.3974  0x20000454        0x1 ./UI.o
 *fill*         0x20000455        0x1 
 .bss.enc.3971  0x20000456        0x2 ./UI.o
 .bss.speed.3972
                0x20000458        0x2 ./UI.o
 .bss.var.3976  0x2000045a        0x2 ./UI.o
 .bss.speed2.3975
                0x2000045c        0x2 ./UI.o
 .bss.button_state.4008
                0x2000045e        0x1 ./button.o
 *fill*         0x2000045f        0x1 
 .bss.button_timer.4009
                0x20000460        0x2 ./button.o
 .bss.button_state.4008
                0x20000462        0x1 ./button2.o
 *fill*         0x20000463        0x1 
 .bss.button_timer.4009
                0x20000464        0x2 ./button2.o
 .bss.counter_timer.4006
                0x20000466        0x2 ./counter.o
 .bss.counter_state.4004
                0x20000468        0x1 ./counter.o
 .bss.counter_value.4005
                0x20000469        0x1 ./counter.o
 .bss.pwm       0x2000046a        0x1 ./main.o
                0x2000046a                pwm
 *fill*         0x2000046b        0x1 
 .bss.error_pos.3965
                0x2000046c        0x4 ./regulering.o
 .bss.integral_pos.3966
                0x20000470        0x4 ./regulering.o
 .bss.last_error_pos.3964
                0x20000474        0x4 ./regulering.o
 .bss.derivative_pos.3967
                0x20000478        0x4 ./regulering.o
 .bss.output_pos.3968
                0x2000047c        0x2 ./regulering.o
 *fill*         0x2000047e        0x2 
 .bss.error_hastighed.3973
                0x20000480        0x4 ./regulering.o
 .bss.error_pos.3983
                0x20000484        0x4 ./regulering.o
 .bss.integral_pos.3984
                0x20000488        0x4 ./regulering.o
 .bss.last_error_pos.3982
                0x2000048c        0x4 ./regulering.o
 .bss.derivative_pos.3985
                0x20000490        0x4 ./regulering.o
 .bss.output_pos.3986
                0x20000494        0x2 ./regulering.o
 *fill*         0x20000496        0x2 
 .bss.error_hastighed.3991
                0x20000498        0x4 ./regulering.o
 .bss.ticks     0x2000049c        0x2 ./systick.o
                0x2000049c                ticks
 *fill*         0x2000049e        0x2 
 .bss.pui32Stack
                0x200004a0      0x200 ./tm4c123gh6pm_startup_ccs_gcc.o
 *(COMMON)
 COMMON         0x200006a0        0xd ./main.o
                0x200006a0                c
                0x200006a4                RX_SPI
                0x200006a8                TX_SPI
                0x200006ac                var
                0x200006b0                . = ALIGN (0x4)
 *fill*         0x200006ad        0x3 
                0x200006b0                __bss_end__ = .

.heap           0x200006b0        0x0
                0x200006b0                __heap_start__ = .
                0x200006b0                end = __heap_start__
                0x200006b0                _end = end
                0x200006b0                __end = end
 *(.heap)
                0x200006b0                __heap_end__ = .
                0x200006b0                __HeapLimit = __heap_end__

.stack          0x200006b0        0x0
                0x200006b0                _stack = .
                0x200006b0                __stack = .
 *(.stack)
START GROUP
LOAD c:/ti/ccsv7/tools/compiler/gcc-arm-none-eabi-4_9-2015q3/bin/../lib/gcc/arm-none-eabi/4.9.3/armv7e-m/fpu\libgcc.a
LOAD c:/ti/ccsv7/tools/compiler/gcc-arm-none-eabi-4_9-2015q3/bin/../lib/gcc/arm-none-eabi/4.9.3/../../../../arm-none-eabi/lib/armv7e-m/fpu\libg.a
LOAD c:/ti/ccsv7/tools/compiler/gcc-arm-none-eabi-4_9-2015q3/bin/../lib/gcc/arm-none-eabi/4.9.3/../../../../arm-none-eabi/lib/armv7e-m/fpu\libc.a
END GROUP
START GROUP
LOAD c:/ti/ccsv7/tools/compiler/gcc-arm-none-eabi-4_9-2015q3/bin/../lib/gcc/arm-none-eabi/4.9.3/armv7e-m/fpu\libgcc.a
LOAD c:/ti/ccsv7/tools/compiler/gcc-arm-none-eabi-4_9-2015q3/bin/../lib/gcc/arm-none-eabi/4.9.3/../../../../arm-none-eabi/lib/armv7e-m/fpu\libc.a
LOAD c:/ti/ccsv7/tools/compiler/gcc-arm-none-eabi-4_9-2015q3/bin/../lib/gcc/arm-none-eabi/4.9.3/../../../../arm-none-eabi/lib/armv7e-m/fpu\libnosys.a
END GROUP
LOAD c:/ti/ccsv7/tools/compiler/gcc-arm-none-eabi-4_9-2015q3/bin/../lib/gcc/arm-none-eabi/4.9.3/armv7e-m/fpu/crtend.o
LOAD c:/ti/ccsv7/tools/compiler/gcc-arm-none-eabi-4_9-2015q3/bin/../lib/gcc/arm-none-eabi/4.9.3/armv7e-m/fpu/crtn.o
OUTPUT(test.out elf32-littlearm)

.ARM.attributes
                0x00000000       0x30
 .ARM.attributes
                0x00000000       0x22 c:/ti/ccsv7/tools/compiler/gcc-arm-none-eabi-4_9-2015q3/bin/../lib/gcc/arm-none-eabi/4.9.3/armv7e-m/fpu/crti.o
 .ARM.attributes
                0x00000022       0x34 c:/ti/ccsv7/tools/compiler/gcc-arm-none-eabi-4_9-2015q3/bin/../lib/gcc/arm-none-eabi/4.9.3/armv7e-m/fpu/crtbegin.o
 .ARM.attributes
                0x00000056       0x20 c:/ti/ccsv7/tools/compiler/gcc-arm-none-eabi-4_9-2015q3/bin/../lib/gcc/arm-none-eabi/4.9.3/../../../../arm-none-eabi/lib/armv7e-m/fpu/crt0.o
 .ARM.attributes
                0x00000076       0x39 ./UI.o
 .ARM.attributes
                0x000000af       0x39 ./button.o
 .ARM.attributes
                0x000000e8       0x39 ./button2.o
 .ARM.attributes
                0x00000121       0x39 ./counter.o
 .ARM.attributes
                0x0000015a       0x39 ./countled.o
 .ARM.attributes
                0x00000193       0x39 ./gpio.o
 .ARM.attributes
                0x000001cc       0x39 ./main.o
 .ARM.attributes
                0x00000205       0x39 ./protokol.o
 .ARM.attributes
                0x0000023e       0x39 ./regulering.o
 .ARM.attributes
                0x00000277       0x39 ./spi.o
 .ARM.attributes
                0x000002b0       0x39 ./systick.o
 .ARM.attributes
                0x000002e9       0x39 ./tm4c123gh6pm_startup_ccs_gcc.o
 .ARM.attributes
                0x00000322       0x39 ./uart.o
 .ARM.attributes
                0x0000035b       0x22 c:/ti/ccsv7/tools/compiler/gcc-arm-none-eabi-4_9-2015q3/bin/../lib/gcc/arm-none-eabi/4.9.3/armv7e-m/fpu\libgcc.a(_arm_addsubdf3.o)
 .ARM.attributes
                0x0000037d       0x22 c:/ti/ccsv7/tools/compiler/gcc-arm-none-eabi-4_9-2015q3/bin/../lib/gcc/arm-none-eabi/4.9.3/armv7e-m/fpu\libgcc.a(_arm_muldivdf3.o)
 .ARM.attributes
                0x0000039f       0x22 c:/ti/ccsv7/tools/compiler/gcc-arm-none-eabi-4_9-2015q3/bin/../lib/gcc/arm-none-eabi/4.9.3/armv7e-m/fpu\libgcc.a(_arm_fixunsdfsi.o)
 .ARM.attributes
                0x000003c1       0x34 c:/ti/ccsv7/tools/compiler/gcc-arm-none-eabi-4_9-2015q3/bin/../lib/gcc/arm-none-eabi/4.9.3/../../../../arm-none-eabi/lib/armv7e-m/fpu\libg.a(lib_a-exit.o)
 .ARM.attributes
                0x000003f5       0x34 c:/ti/ccsv7/tools/compiler/gcc-arm-none-eabi-4_9-2015q3/bin/../lib/gcc/arm-none-eabi/4.9.3/../../../../arm-none-eabi/lib/armv7e-m/fpu\libg.a(lib_a-impure.o)
 .ARM.attributes
                0x00000429       0x34 c:/ti/ccsv7/tools/compiler/gcc-arm-none-eabi-4_9-2015q3/bin/../lib/gcc/arm-none-eabi/4.9.3/../../../../arm-none-eabi/lib/armv7e-m/fpu\libg.a(lib_a-init.o)
 .ARM.attributes
                0x0000045d       0x34 c:/ti/ccsv7/tools/compiler/gcc-arm-none-eabi-4_9-2015q3/bin/../lib/gcc/arm-none-eabi/4.9.3/../../../../arm-none-eabi/lib/armv7e-m/fpu\libg.a(lib_a-memset.o)
 .ARM.attributes
                0x00000491       0x34 c:/ti/ccsv7/tools/compiler/gcc-arm-none-eabi-4_9-2015q3/bin/../lib/gcc/arm-none-eabi/4.9.3/../../../../arm-none-eabi/lib/armv7e-m/fpu\libg.a(lib_a-__call_atexit.o)
 .ARM.attributes
                0x000004c5       0x34 c:/ti/ccsv7/tools/compiler/gcc-arm-none-eabi-4_9-2015q3/bin/../lib/gcc/arm-none-eabi/4.9.3/../../../../arm-none-eabi/lib/armv7e-m/fpu\libg.a(lib_a-atexit.o)
 .ARM.attributes
                0x000004f9       0x34 c:/ti/ccsv7/tools/compiler/gcc-arm-none-eabi-4_9-2015q3/bin/../lib/gcc/arm-none-eabi/4.9.3/../../../../arm-none-eabi/lib/armv7e-m/fpu\libg.a(lib_a-fini.o)
 .ARM.attributes
                0x0000052d       0x34 c:/ti/ccsv7/tools/compiler/gcc-arm-none-eabi-4_9-2015q3/bin/../lib/gcc/arm-none-eabi/4.9.3/../../../../arm-none-eabi/lib/armv7e-m/fpu\libg.a(lib_a-__atexit.o)
 .ARM.attributes
                0x00000561       0x34 c:/ti/ccsv7/tools/compiler/gcc-arm-none-eabi-4_9-2015q3/bin/../lib/gcc/arm-none-eabi/4.9.3/../../../../arm-none-eabi/lib/armv7e-m/fpu\libnosys.a(_exit.o)
 .ARM.attributes
                0x00000595       0x34 c:/ti/ccsv7/tools/compiler/gcc-arm-none-eabi-4_9-2015q3/bin/../lib/gcc/arm-none-eabi/4.9.3/armv7e-m/fpu/crtend.o
 .ARM.attributes
                0x000005c9       0x22 c:/ti/ccsv7/tools/compiler/gcc-arm-none-eabi-4_9-2015q3/bin/../lib/gcc/arm-none-eabi/4.9.3/armv7e-m/fpu/crtn.o

.comment        0x00000000       0x70
 .comment       0x00000000       0x70 ./UI.o
                                 0x71 (size before relaxing)
 .comment       0x00000000       0x71 ./button.o
 .comment       0x00000000       0x71 ./button2.o
 .comment       0x00000000       0x71 ./counter.o
 .comment       0x00000000       0x71 ./countled.o
 .comment       0x00000000       0x71 ./gpio.o
 .comment       0x00000000       0x71 ./main.o
 .comment       0x00000000       0x71 ./protokol.o
 .comment       0x00000000       0x71 ./regulering.o
 .comment       0x00000000       0x71 ./spi.o
 .comment       0x00000000       0x71 ./systick.o
 .comment       0x00000000       0x71 ./tm4c123gh6pm_startup_ccs_gcc.o
 .comment       0x00000000       0x71 ./uart.o

.debug_info     0x00000000     0x13c5
 .debug_info    0x00000000      0x25f ./UI.o
 .debug_info    0x0000025f      0x104 ./button.o
 .debug_info    0x00000363      0x104 ./button2.o
 .debug_info    0x00000467       0xe9 ./counter.o
 .debug_info    0x00000550       0xbd ./countled.o
 .debug_info    0x0000060d       0xb2 ./gpio.o
 .debug_info    0x000006bf      0x163 ./main.o
 .debug_info    0x00000822      0x237 ./protokol.o
 .debug_info    0x00000a59      0x304 ./regulering.o
 .debug_info    0x00000d5d      0x123 ./spi.o
 .debug_info    0x00000e80       0xfb ./systick.o
 .debug_info    0x00000f7b      0x176 ./tm4c123gh6pm_startup_ccs_gcc.o
 .debug_info    0x000010f1      0x2d4 ./uart.o

.debug_abbrev   0x00000000      0x772
 .debug_abbrev  0x00000000       0xdc ./UI.o
 .debug_abbrev  0x000000dc       0x72 ./button.o
 .debug_abbrev  0x0000014e       0x72 ./button2.o
 .debug_abbrev  0x000001c0       0x6c ./counter.o
 .debug_abbrev  0x0000022c       0x5b ./countled.o
 .debug_abbrev  0x00000287       0x5b ./gpio.o
 .debug_abbrev  0x000002e2       0x9f ./main.o
 .debug_abbrev  0x00000381       0x8f ./protokol.o
 .debug_abbrev  0x00000410       0x89 ./regulering.o
 .debug_abbrev  0x00000499       0xaf ./spi.o
 .debug_abbrev  0x00000548       0x77 ./systick.o
 .debug_abbrev  0x000005bf       0xca ./tm4c123gh6pm_startup_ccs_gcc.o
 .debug_abbrev  0x00000689       0xe9 ./uart.o

.debug_aranges  0x00000000      0x2c0
 .debug_aranges
                0x00000000       0x28 ./UI.o
 .debug_aranges
                0x00000028       0x28 ./button.o
 .debug_aranges
                0x00000050       0x28 ./button2.o
 .debug_aranges
                0x00000078       0x20 ./counter.o
 .debug_aranges
                0x00000098       0x20 ./countled.o
 .debug_aranges
                0x000000b8       0x20 ./gpio.o
 .debug_aranges
                0x000000d8       0x20 ./main.o
 .debug_aranges
                0x000000f8       0x68 ./protokol.o
 .debug_aranges
                0x00000160       0x30 ./regulering.o
 .debug_aranges
                0x00000190       0x38 ./spi.o
 .debug_aranges
                0x000001c8       0x38 ./systick.o
 .debug_aranges
                0x00000200       0x38 ./tm4c123gh6pm_startup_ccs_gcc.o
 .debug_aranges
                0x00000238       0x88 ./uart.o

.debug_ranges   0x00000000      0x1f0
 .debug_ranges  0x00000000       0x18 ./UI.o
 .debug_ranges  0x00000018       0x18 ./button.o
 .debug_ranges  0x00000030       0x18 ./button2.o
 .debug_ranges  0x00000048       0x10 ./counter.o
 .debug_ranges  0x00000058       0x10 ./countled.o
 .debug_ranges  0x00000068       0x10 ./gpio.o
 .debug_ranges  0x00000078       0x10 ./main.o
 .debug_ranges  0x00000088       0x58 ./protokol.o
 .debug_ranges  0x000000e0       0x20 ./regulering.o
 .debug_ranges  0x00000100       0x28 ./spi.o
 .debug_ranges  0x00000128       0x28 ./systick.o
 .debug_ranges  0x00000150       0x28 ./tm4c123gh6pm_startup_ccs_gcc.o
 .debug_ranges  0x00000178       0x78 ./uart.o

.debug_line     0x00000000      0xf19
 .debug_line    0x00000000       0xc6 ./UI.o
 .debug_line    0x000000c6      0x148 ./button.o
 .debug_line    0x0000020e      0x149 ./button2.o
 .debug_line    0x00000357       0x7f ./counter.o
 .debug_line    0x000003d6      0x121 ./countled.o
 .debug_line    0x000004f7      0x10a ./gpio.o
 .debug_line    0x00000601      0x128 ./main.o
 .debug_line    0x00000729       0xfd ./protokol.o
 .debug_line    0x00000826       0xc1 ./regulering.o
 .debug_line    0x000008e7      0x161 ./spi.o
 .debug_line    0x00000a48      0x153 ./systick.o
 .debug_line    0x00000b9b      0x158 ./tm4c123gh6pm_startup_ccs_gcc.o
 .debug_line    0x00000cf3      0x226 ./uart.o

.debug_str      0x00000000      0x683
 .debug_str     0x00000000      0x1da ./UI.o
                                0x207 (size before relaxing)
 .debug_str     0x000001da       0x5a ./button.o
                                0x205 (size before relaxing)
 .debug_str     0x00000234       0x2e ./button2.o
                                0x20b (size before relaxing)
 .debug_str     0x00000262       0x37 ./counter.o
                                0x1e7 (size before relaxing)
 .debug_str     0x00000299       0x1b ./countled.o
                                0x1d8 (size before relaxing)
 .debug_str     0x000002b4       0x1a ./gpio.o
                                0x1c3 (size before relaxing)
 .debug_str     0x000002ce       0x4a ./main.o
                                0x1f9 (size before relaxing)
 .debug_str     0x00000318       0xaa ./protokol.o
                                0x26c (size before relaxing)
 .debug_str     0x000003c2       0xc1 ./regulering.o
                                0x297 (size before relaxing)
 .debug_str     0x00000483       0x18 ./spi.o
                                0x1f1 (size before relaxing)
 .debug_str     0x0000049b       0x4f ./systick.o
                                0x205 (size before relaxing)
 .debug_str     0x000004ea       0xaa ./tm4c123gh6pm_startup_ccs_gcc.o
                                0x246 (size before relaxing)
 .debug_str     0x00000594       0xef ./uart.o
                                0x2e7 (size before relaxing)

.debug_frame    0x00000000      0x940
 .debug_frame   0x00000000       0x5c ./UI.o
 .debug_frame   0x0000005c       0x54 ./button.o
 .debug_frame   0x000000b0       0x54 ./button2.o
 .debug_frame   0x00000104       0x38 ./counter.o
 .debug_frame   0x0000013c       0x38 ./countled.o
 .debug_frame   0x00000174       0x38 ./gpio.o
 .debug_frame   0x000001ac       0x30 ./main.o
 .debug_frame   0x000001dc      0x1a0 ./protokol.o
 .debug_frame   0x0000037c       0x84 ./regulering.o
 .debug_frame   0x00000400       0xa4 ./spi.o
 .debug_frame   0x000004a4       0x90 ./systick.o
 .debug_frame   0x00000534       0x7c ./tm4c123gh6pm_startup_ccs_gcc.o
 .debug_frame   0x000005b0      0x210 ./uart.o
 .debug_frame   0x000007c0       0x28 c:/ti/ccsv7/tools/compiler/gcc-arm-none-eabi-4_9-2015q3/bin/../lib/gcc/arm-none-eabi/4.9.3/../../../../arm-none-eabi/lib/armv7e-m/fpu\libg.a(lib_a-exit.o)
 .debug_frame   0x000007e8       0x2c c:/ti/ccsv7/tools/compiler/gcc-arm-none-eabi-4_9-2015q3/bin/../lib/gcc/arm-none-eabi/4.9.3/../../../../arm-none-eabi/lib/armv7e-m/fpu\libg.a(lib_a-init.o)
 .debug_frame   0x00000814       0x34 c:/ti/ccsv7/tools/compiler/gcc-arm-none-eabi-4_9-2015q3/bin/../lib/gcc/arm-none-eabi/4.9.3/../../../../arm-none-eabi/lib/armv7e-m/fpu\libg.a(lib_a-memset.o)
 .debug_frame   0x00000848       0x50 c:/ti/ccsv7/tools/compiler/gcc-arm-none-eabi-4_9-2015q3/bin/../lib/gcc/arm-none-eabi/4.9.3/../../../../arm-none-eabi/lib/armv7e-m/fpu\libg.a(lib_a-__call_atexit.o)
 .debug_frame   0x00000898       0x20 c:/ti/ccsv7/tools/compiler/gcc-arm-none-eabi-4_9-2015q3/bin/../lib/gcc/arm-none-eabi/4.9.3/../../../../arm-none-eabi/lib/armv7e-m/fpu\libg.a(lib_a-atexit.o)
 .debug_frame   0x000008b8       0x34 c:/ti/ccsv7/tools/compiler/gcc-arm-none-eabi-4_9-2015q3/bin/../lib/gcc/arm-none-eabi/4.9.3/../../../../arm-none-eabi/lib/armv7e-m/fpu\libg.a(lib_a-fini.o)
 .debug_frame   0x000008ec       0x34 c:/ti/ccsv7/tools/compiler/gcc-arm-none-eabi-4_9-2015q3/bin/../lib/gcc/arm-none-eabi/4.9.3/../../../../arm-none-eabi/lib/armv7e-m/fpu\libg.a(lib_a-__atexit.o)
 .debug_frame   0x00000920       0x20 c:/ti/ccsv7/tools/compiler/gcc-arm-none-eabi-4_9-2015q3/bin/../lib/gcc/arm-none-eabi/4.9.3/../../../../arm-none-eabi/lib/armv7e-m/fpu\libnosys.a(_exit.o)
