V3 31
FL /home/anders/Dropbox/Robtek/4_semester/DIG/Projekt/Encoder.vhd 2017/03/31.11:32:19 P.20131013
EN work/Encoder 1490962588 \
      FL /home/anders/Dropbox/Robtek/4_semester/DIG/Projekt/Encoder.vhd \
      PB ieee/std_logic_1164 1381692176 PB ieee/NUMERIC_STD 1381692181 \
      PB ieee/std_logic_arith 1381692177 PB ieee/STD_LOGIC_UNSIGNED 1381692179
AR work/Encoder/Behavioral 1490962589 \
      FL /home/anders/Dropbox/Robtek/4_semester/DIG/Projekt/Encoder.vhd \
      EN work/Encoder 1490962588 CP Encoder_filter
FL /home/anders/Dropbox/Robtek/4_semester/DIG/Projekt/Encoder_filter.vhd 2017/03/28.10:09:05 P.20131013
EN work/Encoder_filter 1490962580 \
      FL /home/anders/Dropbox/Robtek/4_semester/DIG/Projekt/Encoder_filter.vhd \
      PB ieee/std_logic_1164 1381692176
AR work/Encoder_filter/Behavioral 1490962581 \
      FL /home/anders/Dropbox/Robtek/4_semester/DIG/Projekt/Encoder_filter.vhd \
      EN work/Encoder_filter 1490962580
FL /home/anders/Dropbox/Robtek/4_semester/DIG/Projekt/Main.vhd 2017/03/31.12:47:55 P.20131013
EN work/Main 1490962592 \
      FL /home/anders/Dropbox/Robtek/4_semester/DIG/Projekt/Main.vhd \
      PB ieee/std_logic_1164 1381692176 PB ieee/NUMERIC_STD 1381692181 \
      PB ieee/std_logic_arith 1381692177 PB ieee/STD_LOGIC_UNSIGNED 1381692179
AR work/Main/Behavioral 1490962593 \
      FL /home/anders/Dropbox/Robtek/4_semester/DIG/Projekt/Main.vhd EN work/Main 1490962592 \
      CP SPI CP PWM CP Encoder CP seg7
FL /home/anders/Dropbox/Robtek/4_semester/DIG/Projekt/OneKHz.vhd 2017/03/24.13:48:11 P.20131013
EN work/OneKHz 1490962578 \
      FL /home/anders/Dropbox/Robtek/4_semester/DIG/Projekt/OneKHz.vhd \
      PB ieee/std_logic_1164 1381692176 PB ieee/NUMERIC_STD 1381692181 \
      PB ieee/std_logic_arith 1381692177 PB ieee/STD_LOGIC_UNSIGNED 1381692179
AR work/OneKHz/Behavioral 1490962579 \
      FL /home/anders/Dropbox/Robtek/4_semester/DIG/Projekt/OneKHz.vhd \
      EN work/OneKHz 1490962578
FL /home/anders/Dropbox/Robtek/4_semester/DIG/Projekt/PrescalerPWM.vhd 2017/03/31.14:16:13 P.20131013
EN work/PrescalerPWM 1490962582 \
      FL /home/anders/Dropbox/Robtek/4_semester/DIG/Projekt/PrescalerPWM.vhd \
      PB ieee/std_logic_1164 1381692176 PB ieee/NUMERIC_STD 1381692181 \
      PB ieee/std_logic_arith 1381692177 PB ieee/STD_LOGIC_UNSIGNED 1381692179
AR work/PrescalerPWM/Behavioral 1490962583 \
      FL /home/anders/Dropbox/Robtek/4_semester/DIG/Projekt/PrescalerPWM.vhd \
      EN work/PrescalerPWM 1490962582
FL /home/anders/Dropbox/Robtek/4_semester/DIG/Projekt/PWM.vhd 2017/03/31.13:01:23 P.20131013
EN work/PWM 1490962586 \
      FL /home/anders/Dropbox/Robtek/4_semester/DIG/Projekt/PWM.vhd \
      PB ieee/std_logic_1164 1381692176 PB ieee/NUMERIC_STD 1381692181 \
      PB ieee/std_logic_arith 1381692177 PB ieee/STD_LOGIC_UNSIGNED 1381692179
AR work/PWM/Behavioral 1490962587 \
      FL /home/anders/Dropbox/Robtek/4_semester/DIG/Projekt/PWM.vhd EN work/PWM 1490962586 \
      CP PrescalerPWM
FL /home/anders/Dropbox/Robtek/4_semester/DIG/Projekt/seg7.vhd 2017/03/31.11:27:55 P.20131013
EN work/seg7 1490962590 \
      FL /home/anders/Dropbox/Robtek/4_semester/DIG/Projekt/seg7.vhd \
      PB ieee/std_logic_1164 1381692176 PB ieee/STD_LOGIC_UNSIGNED 1381692179 \
      PB ieee/NUMERIC_STD 1381692181 PB ieee/MATH_REAL 1381692182
AR work/seg7/Behavioral 1490962591 \
      FL /home/anders/Dropbox/Robtek/4_semester/DIG/Projekt/seg7.vhd EN work/seg7 1490962590 \
      CP OneKHz
FL /home/anders/Dropbox/Robtek/4_semester/DIG/Projekt/SPI.vhd 2017/03/24.13:47:30 P.20131013
EN work/SPI 1490962584 \
      FL /home/anders/Dropbox/Robtek/4_semester/DIG/Projekt/SPI.vhd \
      PB ieee/std_logic_1164 1381692176 PB ieee/NUMERIC_STD 1381692181 \
      PB ieee/std_logic_arith 1381692177 PB ieee/STD_LOGIC_UNSIGNED 1381692179
AR work/SPI/Behavioral 1490962585 \
      FL /home/anders/Dropbox/Robtek/4_semester/DIG/Projekt/SPI.vhd EN work/SPI 1490962584
