AR encoder behavioral /home/anders/Dropbox/Robtek/4_semester/DIG/Projekt/Encoder.vhd sub00/vhpl15 1495008914
EN onekhz NULL /home/anders/Dropbox/Robtek/4_semester/DIG/Projekt/OneKHz.vhd sub00/vhpl08 1495008907
AR main behavioral /home/anders/Dropbox/Robtek/4_semester/DIG/Projekt/Main.vhd sub00/vhpl29 1495008928
EN pwm NULL /home/anders/Dropbox/Robtek/4_semester/DIG/Projekt/PWM.vhd sub00/vhpl12 1495008911
AR velocityclk behavioral /home/anders/Dropbox/Robtek/4_semester/DIG/Projekt/VelocityCLK.vhd sub00/vhpl01 1495008900
AR protocolspi behavioral /home/anders/Dropbox/Robtek/4_semester/DIG/Projekt/ProtocolSpi.vhd sub00/vhpl21 1495008920
AR seg7 behavioral /home/anders/Dropbox/Robtek/4_semester/DIG/Projekt/seg7.vhd sub00/vhpl27 1495008926
EN runningaverage NULL /home/anders/Dropbox/Robtek/4_semester/DIG/Projekt/RunningAverage.vhd sub00/vhpl02 1495008901
EN spi NULL /home/anders/Dropbox/Robtek/4_semester/DIG/Projekt/SPI.vhd sub00/vhpl18 1495008917
AR spi behavioral /home/anders/Dropbox/Robtek/4_semester/DIG/Projekt/SPI.vhd sub00/vhpl19 1495008918
EN prescalertransistor NULL /home/anders/Dropbox/Robtek/4_semester/DIG/Projekt/PrescalerTransistor.vhd sub00/vhpl10 1495008909
EN motorcontroller NULL /home/anders/Dropbox/Robtek/4_semester/DIG/Projekt/MotorController.vhd sub00/vhpl22 1495008921
AR runningaverage behavioral /home/anders/Dropbox/Robtek/4_semester/DIG/Projekt/RunningAverage.vhd sub00/vhpl03 1495008902
AR onekhz behavioral /home/anders/Dropbox/Robtek/4_semester/DIG/Projekt/OneKHz.vhd sub00/vhpl09 1495008908
EN main NULL /home/anders/Dropbox/Robtek/4_semester/DIG/Projekt/Main.vhd sub00/vhpl28 1495008927
AR encoder_filter behavioral /home/anders/Dropbox/Robtek/4_semester/DIG/Projekt/Encoder_filter.vhd sub00/vhpl05 1495008904
EN seg7 NULL /home/anders/Dropbox/Robtek/4_semester/DIG/Projekt/seg7.vhd sub00/vhpl26 1495008925
EN encoder NULL /home/anders/Dropbox/Robtek/4_semester/DIG/Projekt/Encoder.vhd sub00/vhpl14 1495008913
AR prescalertransistor behavioral /home/anders/Dropbox/Robtek/4_semester/DIG/Projekt/PrescalerTransistor.vhd sub00/vhpl11 1495008910
AR pwm behavioral /home/anders/Dropbox/Robtek/4_semester/DIG/Projekt/PWM.vhd sub00/vhpl13 1495008912
EN prescalerpwm NULL /home/anders/Dropbox/Robtek/4_semester/DIG/Projekt/PrescalerPWM.vhd sub00/vhpl06 1495008905
AR motorcontroller behavioral /home/anders/Dropbox/Robtek/4_semester/DIG/Projekt/MotorController.vhd sub00/vhpl23 1495008922
AR prescalerpwm behavioral /home/anders/Dropbox/Robtek/4_semester/DIG/Projekt/PrescalerPWM.vhd sub00/vhpl07 1495008906
EN currentsensor NULL /home/anders/Dropbox/Robtek/4_semester/DIG/Projekt/CurrentSensor.vhd sub00/vhpl24 1495008923
EN protocolspi NULL /home/anders/Dropbox/Robtek/4_semester/DIG/Projekt/ProtocolSpi.vhd sub00/vhpl20 1495008919
EN encoder_filter NULL /home/anders/Dropbox/Robtek/4_semester/DIG/Projekt/Encoder_filter.vhd sub00/vhpl04 1495008903
AR currentsensor behavioral /home/anders/Dropbox/Robtek/4_semester/DIG/Projekt/CurrentSensor.vhd sub00/vhpl25 1495008924
EN velocity NULL /home/anders/Dropbox/Robtek/4_semester/DIG/Projekt/Velocity.vhd sub00/vhpl16 1495008915
AR velocity behavioral /home/anders/Dropbox/Robtek/4_semester/DIG/Projekt/Velocity.vhd sub00/vhpl17 1495008916
EN velocityclk NULL /home/anders/Dropbox/Robtek/4_semester/DIG/Projekt/VelocityCLK.vhd sub00/vhpl00 1495008899
