AR encoder behavioral /home/anders/Dropbox/Robtek/4_semester/DIG/Projekt/Encoder.vhd sub00/vhpl15 1495882602
EN onekhz NULL /home/anders/Dropbox/Robtek/4_semester/DIG/Projekt/OneKHz.vhd sub00/vhpl08 1495882595
AR main behavioral /home/anders/Dropbox/Robtek/4_semester/DIG/Projekt/Main.vhd sub00/vhpl29 1495882616
EN pwm NULL /home/anders/Dropbox/Robtek/4_semester/DIG/Projekt/PWM.vhd sub00/vhpl12 1495882599
AR velocityclk behavioral /home/anders/Dropbox/Robtek/4_semester/DIG/Projekt/VelocityCLK.vhd sub00/vhpl01 1495882588
AR protocolspi behavioral /home/anders/Dropbox/Robtek/4_semester/DIG/Projekt/ProtocolSpi.vhd sub00/vhpl21 1495882608
AR seg7 behavioral /home/anders/Dropbox/Robtek/4_semester/DIG/Projekt/seg7.vhd sub00/vhpl27 1495882614
EN runningaverage NULL /home/anders/Dropbox/Robtek/4_semester/DIG/Projekt/RunningAverage.vhd sub00/vhpl02 1495882589
EN spi NULL /home/anders/Dropbox/Robtek/4_semester/DIG/Projekt/SPI.vhd sub00/vhpl18 1495882605
AR spi behavioral /home/anders/Dropbox/Robtek/4_semester/DIG/Projekt/SPI.vhd sub00/vhpl19 1495882606
EN prescalertransistor NULL /home/anders/Dropbox/Robtek/4_semester/DIG/Projekt/PrescalerTransistor.vhd sub00/vhpl10 1495882597
EN motorcontroller NULL /home/anders/Dropbox/Robtek/4_semester/DIG/Projekt/MotorController.vhd sub00/vhpl22 1495882609
AR runningaverage behavioral /home/anders/Dropbox/Robtek/4_semester/DIG/Projekt/RunningAverage.vhd sub00/vhpl03 1495882590
AR onekhz behavioral /home/anders/Dropbox/Robtek/4_semester/DIG/Projekt/OneKHz.vhd sub00/vhpl09 1495882596
EN main NULL /home/anders/Dropbox/Robtek/4_semester/DIG/Projekt/Main.vhd sub00/vhpl28 1495882615
AR encoder_filter behavioral /home/anders/Dropbox/Robtek/4_semester/DIG/Projekt/Encoder_filter.vhd sub00/vhpl05 1495882592
EN seg7 NULL /home/anders/Dropbox/Robtek/4_semester/DIG/Projekt/seg7.vhd sub00/vhpl26 1495882613
EN encoder NULL /home/anders/Dropbox/Robtek/4_semester/DIG/Projekt/Encoder.vhd sub00/vhpl14 1495882601
AR prescalertransistor behavioral /home/anders/Dropbox/Robtek/4_semester/DIG/Projekt/PrescalerTransistor.vhd sub00/vhpl11 1495882598
AR pwm behavioral /home/anders/Dropbox/Robtek/4_semester/DIG/Projekt/PWM.vhd sub00/vhpl13 1495882600
EN prescalerpwm NULL /home/anders/Dropbox/Robtek/4_semester/DIG/Projekt/PrescalerPWM.vhd sub00/vhpl06 1495882593
AR motorcontroller behavioral /home/anders/Dropbox/Robtek/4_semester/DIG/Projekt/MotorController.vhd sub00/vhpl23 1495882610
AR prescalerpwm behavioral /home/anders/Dropbox/Robtek/4_semester/DIG/Projekt/PrescalerPWM.vhd sub00/vhpl07 1495882594
EN currentsensor NULL /home/anders/Dropbox/Robtek/4_semester/DIG/Projekt/CurrentSensor.vhd sub00/vhpl24 1495882611
EN protocolspi NULL /home/anders/Dropbox/Robtek/4_semester/DIG/Projekt/ProtocolSpi.vhd sub00/vhpl20 1495882607
EN encoder_filter NULL /home/anders/Dropbox/Robtek/4_semester/DIG/Projekt/Encoder_filter.vhd sub00/vhpl04 1495882591
AR currentsensor behavioral /home/anders/Dropbox/Robtek/4_semester/DIG/Projekt/CurrentSensor.vhd sub00/vhpl25 1495882612
EN velocity NULL /home/anders/Dropbox/Robtek/4_semester/DIG/Projekt/Velocity.vhd sub00/vhpl16 1495882603
AR velocity behavioral /home/anders/Dropbox/Robtek/4_semester/DIG/Projekt/Velocity.vhd sub00/vhpl17 1495882604
EN velocityclk NULL /home/anders/Dropbox/Robtek/4_semester/DIG/Projekt/VelocityCLK.vhd sub00/vhpl00 1495882587
