AR encoder behavioral /home/anders/Dropbox/Robtek/4_semester/DIG/Projekt/Encoder.vhd sub00/vhpl15 1495190626
EN onekhz NULL /home/anders/Dropbox/Robtek/4_semester/DIG/Projekt/OneKHz.vhd sub00/vhpl08 1495190619
AR main behavioral /home/anders/Dropbox/Robtek/4_semester/DIG/Projekt/Main.vhd sub00/vhpl29 1495190640
EN pwm NULL /home/anders/Dropbox/Robtek/4_semester/DIG/Projekt/PWM.vhd sub00/vhpl12 1495190623
AR velocityclk behavioral /home/anders/Dropbox/Robtek/4_semester/DIG/Projekt/VelocityCLK.vhd sub00/vhpl01 1495190612
AR protocolspi behavioral /home/anders/Dropbox/Robtek/4_semester/DIG/Projekt/ProtocolSpi.vhd sub00/vhpl21 1495190632
AR seg7 behavioral /home/anders/Dropbox/Robtek/4_semester/DIG/Projekt/seg7.vhd sub00/vhpl27 1495190638
EN runningaverage NULL /home/anders/Dropbox/Robtek/4_semester/DIG/Projekt/RunningAverage.vhd sub00/vhpl02 1495190613
EN spi NULL /home/anders/Dropbox/Robtek/4_semester/DIG/Projekt/SPI.vhd sub00/vhpl18 1495190629
AR spi behavioral /home/anders/Dropbox/Robtek/4_semester/DIG/Projekt/SPI.vhd sub00/vhpl19 1495190630
EN prescalertransistor NULL /home/anders/Dropbox/Robtek/4_semester/DIG/Projekt/PrescalerTransistor.vhd sub00/vhpl10 1495190621
EN motorcontroller NULL /home/anders/Dropbox/Robtek/4_semester/DIG/Projekt/MotorController.vhd sub00/vhpl22 1495190633
AR runningaverage behavioral /home/anders/Dropbox/Robtek/4_semester/DIG/Projekt/RunningAverage.vhd sub00/vhpl03 1495190614
AR onekhz behavioral /home/anders/Dropbox/Robtek/4_semester/DIG/Projekt/OneKHz.vhd sub00/vhpl09 1495190620
EN main NULL /home/anders/Dropbox/Robtek/4_semester/DIG/Projekt/Main.vhd sub00/vhpl28 1495190639
AR encoder_filter behavioral /home/anders/Dropbox/Robtek/4_semester/DIG/Projekt/Encoder_filter.vhd sub00/vhpl05 1495190616
EN seg7 NULL /home/anders/Dropbox/Robtek/4_semester/DIG/Projekt/seg7.vhd sub00/vhpl26 1495190637
EN encoder NULL /home/anders/Dropbox/Robtek/4_semester/DIG/Projekt/Encoder.vhd sub00/vhpl14 1495190625
AR prescalertransistor behavioral /home/anders/Dropbox/Robtek/4_semester/DIG/Projekt/PrescalerTransistor.vhd sub00/vhpl11 1495190622
AR pwm behavioral /home/anders/Dropbox/Robtek/4_semester/DIG/Projekt/PWM.vhd sub00/vhpl13 1495190624
EN prescalerpwm NULL /home/anders/Dropbox/Robtek/4_semester/DIG/Projekt/PrescalerPWM.vhd sub00/vhpl06 1495190617
AR motorcontroller behavioral /home/anders/Dropbox/Robtek/4_semester/DIG/Projekt/MotorController.vhd sub00/vhpl23 1495190634
AR prescalerpwm behavioral /home/anders/Dropbox/Robtek/4_semester/DIG/Projekt/PrescalerPWM.vhd sub00/vhpl07 1495190618
EN currentsensor NULL /home/anders/Dropbox/Robtek/4_semester/DIG/Projekt/CurrentSensor.vhd sub00/vhpl24 1495190635
EN protocolspi NULL /home/anders/Dropbox/Robtek/4_semester/DIG/Projekt/ProtocolSpi.vhd sub00/vhpl20 1495190631
EN encoder_filter NULL /home/anders/Dropbox/Robtek/4_semester/DIG/Projekt/Encoder_filter.vhd sub00/vhpl04 1495190615
AR currentsensor behavioral /home/anders/Dropbox/Robtek/4_semester/DIG/Projekt/CurrentSensor.vhd sub00/vhpl25 1495190636
EN velocity NULL /home/anders/Dropbox/Robtek/4_semester/DIG/Projekt/Velocity.vhd sub00/vhpl16 1495190627
AR velocity behavioral /home/anders/Dropbox/Robtek/4_semester/DIG/Projekt/Velocity.vhd sub00/vhpl17 1495190628
EN velocityclk NULL /home/anders/Dropbox/Robtek/4_semester/DIG/Projekt/VelocityCLK.vhd sub00/vhpl00 1495190611
