V3 63
FL /home/anders/Dropbox/Robtek/4_semester/DIG/Projekt/CurrentSensor.vhd 2017/05/16.11:20:26 P.20131013
EN work/CurrentSensor 1495882611 \
      FL /home/anders/Dropbox/Robtek/4_semester/DIG/Projekt/CurrentSensor.vhd \
      PB ieee/std_logic_1164 1381692176 PB ieee/std_logic_arith 1381692177 \
      PB ieee/STD_LOGIC_UNSIGNED 1381692179
AR work/CurrentSensor/Behavioral 1495882612 \
      FL /home/anders/Dropbox/Robtek/4_semester/DIG/Projekt/CurrentSensor.vhd \
      EN work/CurrentSensor 1495882611
FL /home/anders/Dropbox/Robtek/4_semester/DIG/Projekt/Encoder.vhd 2017/05/19.12:31:38 P.20131013
EN work/Encoder 1495882601 \
      FL /home/anders/Dropbox/Robtek/4_semester/DIG/Projekt/Encoder.vhd \
      PB ieee/std_logic_1164 1381692176 PB ieee/NUMERIC_STD 1381692181 \
      PB ieee/std_logic_arith 1381692177 PB ieee/STD_LOGIC_UNSIGNED 1381692179
AR work/Encoder/Behavioral 1495882602 \
      FL /home/anders/Dropbox/Robtek/4_semester/DIG/Projekt/Encoder.vhd \
      EN work/Encoder 1495882601 CP Encoder_filter
FL /home/anders/Dropbox/Robtek/4_semester/DIG/Projekt/Encoder_filter.vhd 2017/03/28.10:09:05 P.20131013
EN work/Encoder_filter 1495882591 \
      FL /home/anders/Dropbox/Robtek/4_semester/DIG/Projekt/Encoder_filter.vhd \
      PB ieee/std_logic_1164 1381692176
AR work/Encoder_filter/Behavioral 1495882592 \
      FL /home/anders/Dropbox/Robtek/4_semester/DIG/Projekt/Encoder_filter.vhd \
      EN work/Encoder_filter 1495882591
FL /home/anders/Dropbox/Robtek/4_semester/DIG/Projekt/kalman.vhd 2017/05/11.13:26:14 P.20131013
EN work/kalman 0 FL /home/anders/Dropbox/Robtek/4_semester/DIG/Projekt/kalman.vhd \
      PB ieee/std_logic_1164 1381692176 PH work/BIT_FUNCTIONS 0
AR work/kalman/Behavioral 0 \
      FL /home/anders/Dropbox/Robtek/4_semester/DIG/Projekt/kalman.vhd \
      EN work/kalman 0
FL /home/anders/Dropbox/Robtek/4_semester/DIG/Projekt/Main.vhd 2017/05/27.12:48:18 P.20131013
EN work/Main 1495882615 \
      FL /home/anders/Dropbox/Robtek/4_semester/DIG/Projekt/Main.vhd \
      PB ieee/std_logic_1164 1381692176 PB ieee/NUMERIC_STD 1381692181 \
      PB ieee/std_logic_arith 1381692177 PB ieee/STD_LOGIC_UNSIGNED 1381692179
AR work/Main/Behavioral 1495882616 \
      FL /home/anders/Dropbox/Robtek/4_semester/DIG/Projekt/Main.vhd EN work/Main 1495882615 \
      CP ProtocolSpi CP MotorController CP CurrentSensor CP seg7
FL /home/anders/Dropbox/Robtek/4_semester/DIG/Projekt/MotorController.vhd 2017/05/19.12:36:25 P.20131013
EN work/MotorController 1495882609 \
      FL /home/anders/Dropbox/Robtek/4_semester/DIG/Projekt/MotorController.vhd \
      PB ieee/std_logic_1164 1381692176 PB ieee/NUMERIC_STD 1381692181 \
      PB ieee/std_logic_arith 1381692177 PB ieee/STD_LOGIC_UNSIGNED 1381692179
AR work/MotorController/Behavioral 1495882610 \
      FL /home/anders/Dropbox/Robtek/4_semester/DIG/Projekt/MotorController.vhd \
      EN work/MotorController 1495882609 CP PrescalerTransistor CP PWM CP Encoder \
      CP Velocity
FL /home/anders/Dropbox/Robtek/4_semester/DIG/Projekt/OneKHz.vhd 2017/04/11.10:21:46 P.20131013
EN work/OneKHz 1495882595 \
      FL /home/anders/Dropbox/Robtek/4_semester/DIG/Projekt/OneKHz.vhd \
      PB ieee/std_logic_1164 1381692176 PB ieee/NUMERIC_STD 1381692181 \
      PB ieee/std_logic_arith 1381692177 PB ieee/STD_LOGIC_UNSIGNED 1381692179
AR work/OneKHz/Behavioral 1495882596 \
      FL /home/anders/Dropbox/Robtek/4_semester/DIG/Projekt/OneKHz.vhd \
      EN work/OneKHz 1495882595
FL /home/anders/Dropbox/Robtek/4_semester/DIG/Projekt/PrescalerPWM.vhd 2017/04/11.10:21:52 P.20131013
EN work/PrescalerPWM 1495882593 \
      FL /home/anders/Dropbox/Robtek/4_semester/DIG/Projekt/PrescalerPWM.vhd \
      PB ieee/std_logic_1164 1381692176 PB ieee/NUMERIC_STD 1381692181 \
      PB ieee/std_logic_arith 1381692177 PB ieee/STD_LOGIC_UNSIGNED 1381692179
AR work/PrescalerPWM/Behavioral 1495882594 \
      FL /home/anders/Dropbox/Robtek/4_semester/DIG/Projekt/PrescalerPWM.vhd \
      EN work/PrescalerPWM 1495882593
FL /home/anders/Dropbox/Robtek/4_semester/DIG/Projekt/PrescalerTransistor.vhd 2017/04/18.14:07:10 P.20131013
EN work/PrescalerTransistor 1495882597 \
      FL /home/anders/Dropbox/Robtek/4_semester/DIG/Projekt/PrescalerTransistor.vhd \
      PB ieee/std_logic_1164 1381692176 PB ieee/NUMERIC_STD 1381692181 \
      PB ieee/std_logic_arith 1381692177 PB ieee/STD_LOGIC_UNSIGNED 1381692179
AR work/PrescalerTransistor/Behavioral 1495882598 \
      FL /home/anders/Dropbox/Robtek/4_semester/DIG/Projekt/PrescalerTransistor.vhd \
      EN work/PrescalerTransistor 1495882597
FL /home/anders/Dropbox/Robtek/4_semester/DIG/Projekt/ProtocolSpi.vhd 2017/05/27.12:56:12 P.20131013
EN work/ProtocolSpi 1495882607 \
      FL /home/anders/Dropbox/Robtek/4_semester/DIG/Projekt/ProtocolSpi.vhd \
      PB ieee/std_logic_1164 1381692176
AR work/ProtocolSpi/Behavioral 1495882608 \
      FL /home/anders/Dropbox/Robtek/4_semester/DIG/Projekt/ProtocolSpi.vhd \
      EN work/ProtocolSpi 1495882607 CP SPI
FL /home/anders/Dropbox/Robtek/4_semester/DIG/Projekt/PWM.vhd 2017/04/25.10:39:20 P.20131013
EN work/PWM 1495882599 \
      FL /home/anders/Dropbox/Robtek/4_semester/DIG/Projekt/PWM.vhd \
      PB ieee/std_logic_1164 1381692176 PB ieee/NUMERIC_STD 1381692181 \
      PB ieee/std_logic_arith 1381692177 PB ieee/STD_LOGIC_UNSIGNED 1381692179
AR work/PWM/Behavioral 1495882600 \
      FL /home/anders/Dropbox/Robtek/4_semester/DIG/Projekt/PWM.vhd EN work/PWM 1495882599 \
      CP PrescalerPWM
FL /home/anders/Dropbox/Robtek/4_semester/DIG/Projekt/RunningAverage.vhd 2017/04/25.13:45:41 P.20131013
EN work/RunningAverage 1495882589 \
      FL /home/anders/Dropbox/Robtek/4_semester/DIG/Projekt/RunningAverage.vhd \
      PB ieee/std_logic_1164 1381692176 PB ieee/NUMERIC_STD 1381692181 \
      PB ieee/std_logic_arith 1381692177 PB ieee/STD_LOGIC_UNSIGNED 1381692179
AR work/RunningAverage/Behavioral 1495882590 \
      FL /home/anders/Dropbox/Robtek/4_semester/DIG/Projekt/RunningAverage.vhd \
      EN work/RunningAverage 1495882589
FL /home/anders/Dropbox/Robtek/4_semester/DIG/Projekt/seg7.vhd 2017/03/31.11:27:55 P.20131013
EN work/seg7 1495882613 \
      FL /home/anders/Dropbox/Robtek/4_semester/DIG/Projekt/seg7.vhd \
      PB ieee/std_logic_1164 1381692176 PB ieee/STD_LOGIC_UNSIGNED 1381692179 \
      PB ieee/NUMERIC_STD 1381692181 PB ieee/MATH_REAL 1381692182
AR work/seg7/Behavioral 1495882614 \
      FL /home/anders/Dropbox/Robtek/4_semester/DIG/Projekt/seg7.vhd EN work/seg7 1495882613 \
      CP OneKHz
FL /home/anders/Dropbox/Robtek/4_semester/DIG/Projekt/SPI.vhd 2017/05/19.12:25:58 P.20131013
EN work/SPI 1495882605 \
      FL /home/anders/Dropbox/Robtek/4_semester/DIG/Projekt/SPI.vhd \
      PB ieee/std_logic_1164 1381692176 PB ieee/NUMERIC_STD 1381692181 \
      PB ieee/std_logic_arith 1381692177 PB ieee/STD_LOGIC_UNSIGNED 1381692179
AR work/SPI/Behavioral 1495882606 \
      FL /home/anders/Dropbox/Robtek/4_semester/DIG/Projekt/SPI.vhd EN work/SPI 1495882605
FL /home/anders/Dropbox/Robtek/4_semester/DIG/Projekt/Velocity.vhd 2017/05/19.12:36:52 P.20131013
EN work/Velocity 1495882603 \
      FL /home/anders/Dropbox/Robtek/4_semester/DIG/Projekt/Velocity.vhd \
      PB ieee/std_logic_1164 1381692176 PB ieee/NUMERIC_STD 1381692181 \
      PB ieee/std_logic_arith 1381692177 PB ieee/STD_LOGIC_UNSIGNED 1381692179
AR work/Velocity/Behavioral 1495882604 \
      FL /home/anders/Dropbox/Robtek/4_semester/DIG/Projekt/Velocity.vhd \
      EN work/Velocity 1495882603 CP VelocityCLK CP RunningAverage
FL /home/anders/Dropbox/Robtek/4_semester/DIG/Projekt/VelocityCLK.vhd 2017/05/10.13:26:40 P.20131013
EN work/VelocityCLK 1495882587 \
      FL /home/anders/Dropbox/Robtek/4_semester/DIG/Projekt/VelocityCLK.vhd \
      PB ieee/std_logic_1164 1381692176 PB ieee/NUMERIC_STD 1381692181 \
      PB ieee/std_logic_arith 1381692177 PB ieee/STD_LOGIC_UNSIGNED 1381692179
AR work/VelocityCLK/Behavioral 1495882588 \
      FL /home/anders/Dropbox/Robtek/4_semester/DIG/Projekt/VelocityCLK.vhd \
      EN work/VelocityCLK 1495882587
