Archive member included because of file (symbol)

/Applications/ti/ccsv7/tools/compiler/gcc-arm-none-eabi-4_9-2015q3/bin/../lib/gcc/arm-none-eabi/4.9.3/../../../../arm-none-eabi/lib/armv7e-m/fpu/libc.a(lib_a-exit.o)
                              /Applications/ti/ccsv7/tools/compiler/gcc-arm-none-eabi-4_9-2015q3/bin/../lib/gcc/arm-none-eabi/4.9.3/../../../../arm-none-eabi/lib/armv7e-m/fpu/crt0.o (exit)
/Applications/ti/ccsv7/tools/compiler/gcc-arm-none-eabi-4_9-2015q3/bin/../lib/gcc/arm-none-eabi/4.9.3/../../../../arm-none-eabi/lib/armv7e-m/fpu/libc.a(lib_a-impure.o)
                              /Applications/ti/ccsv7/tools/compiler/gcc-arm-none-eabi-4_9-2015q3/bin/../lib/gcc/arm-none-eabi/4.9.3/../../../../arm-none-eabi/lib/armv7e-m/fpu/libc.a(lib_a-exit.o) (_global_impure_ptr)
/Applications/ti/ccsv7/tools/compiler/gcc-arm-none-eabi-4_9-2015q3/bin/../lib/gcc/arm-none-eabi/4.9.3/../../../../arm-none-eabi/lib/armv7e-m/fpu/libc.a(lib_a-init.o)
                              /Applications/ti/ccsv7/tools/compiler/gcc-arm-none-eabi-4_9-2015q3/bin/../lib/gcc/arm-none-eabi/4.9.3/../../../../arm-none-eabi/lib/armv7e-m/fpu/crt0.o (__libc_init_array)
/Applications/ti/ccsv7/tools/compiler/gcc-arm-none-eabi-4_9-2015q3/bin/../lib/gcc/arm-none-eabi/4.9.3/../../../../arm-none-eabi/lib/armv7e-m/fpu/libc.a(lib_a-memset.o)
                              /Applications/ti/ccsv7/tools/compiler/gcc-arm-none-eabi-4_9-2015q3/bin/../lib/gcc/arm-none-eabi/4.9.3/../../../../arm-none-eabi/lib/armv7e-m/fpu/crt0.o (memset)
/Applications/ti/ccsv7/tools/compiler/gcc-arm-none-eabi-4_9-2015q3/bin/../lib/gcc/arm-none-eabi/4.9.3/../../../../arm-none-eabi/lib/armv7e-m/fpu/libc.a(lib_a-__call_atexit.o)
                              /Applications/ti/ccsv7/tools/compiler/gcc-arm-none-eabi-4_9-2015q3/bin/../lib/gcc/arm-none-eabi/4.9.3/../../../../arm-none-eabi/lib/armv7e-m/fpu/libc.a(lib_a-exit.o) (__call_exitprocs)
/Applications/ti/ccsv7/tools/compiler/gcc-arm-none-eabi-4_9-2015q3/bin/../lib/gcc/arm-none-eabi/4.9.3/../../../../arm-none-eabi/lib/armv7e-m/fpu/libc.a(lib_a-atexit.o)
                              /Applications/ti/ccsv7/tools/compiler/gcc-arm-none-eabi-4_9-2015q3/bin/../lib/gcc/arm-none-eabi/4.9.3/../../../../arm-none-eabi/lib/armv7e-m/fpu/libc.a(lib_a-__call_atexit.o) (atexit)
/Applications/ti/ccsv7/tools/compiler/gcc-arm-none-eabi-4_9-2015q3/bin/../lib/gcc/arm-none-eabi/4.9.3/../../../../arm-none-eabi/lib/armv7e-m/fpu/libc.a(lib_a-fini.o)
                              /Applications/ti/ccsv7/tools/compiler/gcc-arm-none-eabi-4_9-2015q3/bin/../lib/gcc/arm-none-eabi/4.9.3/../../../../arm-none-eabi/lib/armv7e-m/fpu/libc.a(lib_a-__call_atexit.o) (__libc_fini_array)
/Applications/ti/ccsv7/tools/compiler/gcc-arm-none-eabi-4_9-2015q3/bin/../lib/gcc/arm-none-eabi/4.9.3/../../../../arm-none-eabi/lib/armv7e-m/fpu/libc.a(lib_a-__atexit.o)
                              /Applications/ti/ccsv7/tools/compiler/gcc-arm-none-eabi-4_9-2015q3/bin/../lib/gcc/arm-none-eabi/4.9.3/../../../../arm-none-eabi/lib/armv7e-m/fpu/libc.a(lib_a-atexit.o) (__register_exitproc)
/Applications/ti/ccsv7/tools/compiler/gcc-arm-none-eabi-4_9-2015q3/bin/../lib/gcc/arm-none-eabi/4.9.3/../../../../arm-none-eabi/lib/armv7e-m/fpu/libnosys.a(_exit.o)
                              /Applications/ti/ccsv7/tools/compiler/gcc-arm-none-eabi-4_9-2015q3/bin/../lib/gcc/arm-none-eabi/4.9.3/../../../../arm-none-eabi/lib/armv7e-m/fpu/libc.a(lib_a-exit.o) (_exit)

Allocating common symbols
Common symbol       size              file

TIMER               0x20              ./swtimers.o
semaphore_pool      0xc0              ./rtcs.o
get_acc_addr        0x2               ./main.o
queue_pool          0x1060            ./rtcs.o
spi_data            0x2               ./spi.o
InBuf               0x80              ./main.o
current_task        0x1               ./rtcs.o
task_pool           0xc0              ./rtcs.o
message_state       0x8               ./messages.o
message_event       0x8               ./messages.o
ticks               0x2               ./timer0A.o
ch                  0x2               ./main.o

Memory Configuration

Name             Origin             Length             Attributes
FLASH            0x0000000000000000 0x0000000000040000 xr
SRAM             0x0000000020000000 0x0000000000008000 xw
*default*        0x0000000000000000 0xffffffffffffffff

Linker script and memory map

LOAD /Applications/ti/ccsv7/tools/compiler/gcc-arm-none-eabi-4_9-2015q3/bin/../lib/gcc/arm-none-eabi/4.9.3/armv7e-m/fpu/crti.o
LOAD /Applications/ti/ccsv7/tools/compiler/gcc-arm-none-eabi-4_9-2015q3/bin/../lib/gcc/arm-none-eabi/4.9.3/armv7e-m/fpu/crtbegin.o
LOAD /Applications/ti/ccsv7/tools/compiler/gcc-arm-none-eabi-4_9-2015q3/bin/../lib/gcc/arm-none-eabi/4.9.3/../../../../arm-none-eabi/lib/armv7e-m/fpu/crt0.o
LOAD ./LEDS.o
LOAD ./button.o
LOAD ./gpio.o
LOAD ./main.o
LOAD ./messages.o
LOAD ./queue.o
LOAD ./rtcs.o
LOAD ./sem.o
LOAD ./spi.o
LOAD ./swtimers.o
LOAD ./timer0A.o
LOAD ./tm4c123gh6pm_startup_ccs_gcc.o
LOAD ./uart.o
                0x0000000000000000                PROVIDE (_intvecs_base_address, 0x0)

.intvecs        0x0000000000000000      0x26c
 *(.intvecs)
 .intvecs       0x0000000000000000      0x26c ./tm4c123gh6pm_startup_ccs_gcc.o
                0x0000000000000000                g_pfnVectors
                0x0000000020000000                PROVIDE (_vtable_base_address, 0x20000000)

.vtable
 *(.vtable)

.text           0x000000000000026c     0x1bf8
 CREATE_OBJECT_SYMBOLS
 *(.text)
 .text          0x000000000000026c        0x0 /Applications/ti/ccsv7/tools/compiler/gcc-arm-none-eabi-4_9-2015q3/bin/../lib/gcc/arm-none-eabi/4.9.3/armv7e-m/fpu/crti.o
 .text          0x000000000000026c       0x5c /Applications/ti/ccsv7/tools/compiler/gcc-arm-none-eabi-4_9-2015q3/bin/../lib/gcc/arm-none-eabi/4.9.3/armv7e-m/fpu/crtbegin.o
 .text          0x00000000000002c8       0x74 /Applications/ti/ccsv7/tools/compiler/gcc-arm-none-eabi-4_9-2015q3/bin/../lib/gcc/arm-none-eabi/4.9.3/../../../../arm-none-eabi/lib/armv7e-m/fpu/crt0.o
                0x00000000000002c8                _mainCRTStartup
                0x00000000000002c8                _start
 .text          0x000000000000033c        0x0 ./LEDS.o
 .text          0x000000000000033c        0x0 ./button.o
 .text          0x000000000000033c        0x0 ./gpio.o
 .text          0x000000000000033c        0x0 ./main.o
 .text          0x000000000000033c        0x0 ./messages.o
 .text          0x000000000000033c        0x0 ./queue.o
 .text          0x000000000000033c        0x0 ./rtcs.o
 .text          0x000000000000033c        0x0 ./sem.o
 .text          0x000000000000033c        0x0 ./spi.o
 .text          0x000000000000033c        0x0 ./swtimers.o
 .text          0x000000000000033c        0x0 ./timer0A.o
 .text          0x000000000000033c        0x0 ./tm4c123gh6pm_startup_ccs_gcc.o
 .text          0x000000000000033c        0x0 ./uart.o
 .text          0x000000000000033c        0x0 /Applications/ti/ccsv7/tools/compiler/gcc-arm-none-eabi-4_9-2015q3/bin/../lib/gcc/arm-none-eabi/4.9.3/../../../../arm-none-eabi/lib/armv7e-m/fpu/libc.a(lib_a-exit.o)
 .text          0x000000000000033c        0x0 /Applications/ti/ccsv7/tools/compiler/gcc-arm-none-eabi-4_9-2015q3/bin/../lib/gcc/arm-none-eabi/4.9.3/../../../../arm-none-eabi/lib/armv7e-m/fpu/libc.a(lib_a-impure.o)
 .text          0x000000000000033c        0x0 /Applications/ti/ccsv7/tools/compiler/gcc-arm-none-eabi-4_9-2015q3/bin/../lib/gcc/arm-none-eabi/4.9.3/../../../../arm-none-eabi/lib/armv7e-m/fpu/libc.a(lib_a-init.o)
 .text          0x000000000000033c        0x0 /Applications/ti/ccsv7/tools/compiler/gcc-arm-none-eabi-4_9-2015q3/bin/../lib/gcc/arm-none-eabi/4.9.3/../../../../arm-none-eabi/lib/armv7e-m/fpu/libc.a(lib_a-memset.o)
 .text          0x000000000000033c        0x0 /Applications/ti/ccsv7/tools/compiler/gcc-arm-none-eabi-4_9-2015q3/bin/../lib/gcc/arm-none-eabi/4.9.3/../../../../arm-none-eabi/lib/armv7e-m/fpu/libc.a(lib_a-__call_atexit.o)
 .text          0x000000000000033c        0x0 /Applications/ti/ccsv7/tools/compiler/gcc-arm-none-eabi-4_9-2015q3/bin/../lib/gcc/arm-none-eabi/4.9.3/../../../../arm-none-eabi/lib/armv7e-m/fpu/libc.a(lib_a-atexit.o)
 .text          0x000000000000033c        0x0 /Applications/ti/ccsv7/tools/compiler/gcc-arm-none-eabi-4_9-2015q3/bin/../lib/gcc/arm-none-eabi/4.9.3/../../../../arm-none-eabi/lib/armv7e-m/fpu/libc.a(lib_a-fini.o)
 .text          0x000000000000033c        0x0 /Applications/ti/ccsv7/tools/compiler/gcc-arm-none-eabi-4_9-2015q3/bin/../lib/gcc/arm-none-eabi/4.9.3/../../../../arm-none-eabi/lib/armv7e-m/fpu/libc.a(lib_a-__atexit.o)
 .text          0x000000000000033c        0x0 /Applications/ti/ccsv7/tools/compiler/gcc-arm-none-eabi-4_9-2015q3/bin/../lib/gcc/arm-none-eabi/4.9.3/../../../../arm-none-eabi/lib/armv7e-m/fpu/libnosys.a(_exit.o)
 .text          0x000000000000033c        0x0 /Applications/ti/ccsv7/tools/compiler/gcc-arm-none-eabi-4_9-2015q3/bin/../lib/gcc/arm-none-eabi/4.9.3/armv7e-m/fpu/crtend.o
 .text          0x000000000000033c        0x0 /Applications/ti/ccsv7/tools/compiler/gcc-arm-none-eabi-4_9-2015q3/bin/../lib/gcc/arm-none-eabi/4.9.3/armv7e-m/fpu/crtn.o
 *(.text.*)
 .text.select_color
                0x000000000000033c       0xf4 ./LEDS.o
                0x000000000000033c                select_color
 .text.button_pushed
                0x0000000000000430       0x24 ./button.o
                0x0000000000000430                button_pushed
 .text.button   0x0000000000000454       0xec ./button.o
                0x0000000000000454                button
 .text.init_gpio
                0x0000000000000540       0x68 ./gpio.o
                0x0000000000000540                init_gpio
 .text.ui_task  0x00000000000005a8      0x374 ./main.o
                0x00000000000005a8                ui_task
 .text.main     0x000000000000091c       0x7c ./main.o
                0x000000000000091c                main
 .text.get_message_event
                0x0000000000000998       0x40 ./messages.o
                0x0000000000000998                get_message_event
 .text.put_message_event
                0x00000000000009d8       0x30 ./messages.o
                0x00000000000009d8                put_message_event
 .text.get_message_state
                0x0000000000000a08       0x40 ./messages.o
                0x0000000000000a08                get_message_state
 .text.put_message_state
                0x0000000000000a48       0x30 ./messages.o
                0x0000000000000a48                put_message_state
 .text.queue_open
                0x0000000000000a78       0x68 ./queue.o
                0x0000000000000a78                queue_open
 .text.queue_put
                0x0000000000000ae0       0xcc ./queue.o
                0x0000000000000ae0                queue_put
 .text.queue_get
                0x0000000000000bac       0xc0 ./queue.o
                0x0000000000000bac                queue_get
 .text.open_queue
                0x0000000000000c6c       0xa8 ./rtcs.o
                0x0000000000000c6c                open_queue
 .text.put_queue
                0x0000000000000d14       0xf0 ./rtcs.o
                0x0000000000000d14                put_queue
 .text.get_queue
                0x0000000000000e04       0xf0 ./rtcs.o
                0x0000000000000e04                get_queue
 .text.wait     0x0000000000000ef4       0x48 ./rtcs.o
                0x0000000000000ef4                wait
 .text.wait_sem
                0x0000000000000f3c       0xf8 ./rtcs.o
                0x0000000000000f3c                wait_sem
 .text.signal   0x0000000000001034       0x40 ./rtcs.o
                0x0000000000001034                signal
 .text.preset_sem
                0x0000000000001074       0x34 ./rtcs.o
                0x0000000000001074                preset_sem
 .text.start_task
                0x00000000000010a8       0x84 ./rtcs.o
                0x00000000000010a8                start_task
 .text.retrieve_id
                0x000000000000112c       0x20 ./rtcs.o
                0x000000000000112c                retrieve_id
 .text.i_am_alive
                0x000000000000114c       0x5c ./rtcs.o
                0x000000000000114c                i_am_alive
 .text.set_state
                0x00000000000011a8       0x34 ./rtcs.o
                0x00000000000011a8                set_state
 .text.init_rtcs
                0x00000000000011dc       0x44 ./rtcs.o
                0x00000000000011dc                init_rtcs
 .text.schedule
                0x0000000000001220      0x20c ./rtcs.o
                0x0000000000001220                schedule
 .text.wait_1   0x000000000000142c       0x38 ./sem.o
                0x000000000000142c                wait_1
 .text.signal_1
                0x0000000000001464       0x28 ./sem.o
                0x0000000000001464                signal_1
 .text.init_spi2
                0x000000000000148c       0xb0 ./spi.o
                0x000000000000148c                init_spi2
 .text.init_spi0
                0x000000000000153c       0xfc ./spi.o
                0x000000000000153c                init_spi0
 .text.spi_ready_tx
                0x0000000000001638       0x24 ./spi.o
                0x0000000000001638                spi_ready_tx
 .text.spi_ready_rx
                0x000000000000165c       0x24 ./spi.o
                0x000000000000165c                spi_ready_rx
 .text.spi_get_data
                0x0000000000001680       0x18 ./spi.o
                0x0000000000001680                spi_get_data
 .text.spi_tx_task
                0x0000000000001698       0x44 ./spi.o
                0x0000000000001698                spi_tx_task
 .text.spi_rx_task
                0x00000000000016dc       0x40 ./spi.o
                0x00000000000016dc                spi_rx_task
 .text.get_timer_counter
                0x000000000000171c       0x24 ./swtimers.o
                0x000000000000171c                get_timer_counter
 .text.start_timer
                0x0000000000001740       0x3c ./swtimers.o
                0x0000000000001740                start_timer
 .text.check_timers
                0x000000000000177c       0x60 ./swtimers.o
                0x000000000000177c                check_timers
 .text.init_timers
                0x00000000000017dc       0x3c ./swtimers.o
                0x00000000000017dc                init_timers
 .text.init_timer0a
                0x0000000000001818       0xa4 ./timer0A.o
                0x0000000000001818                init_timer0a
 .text.TIMER0A_Handler
                0x00000000000018bc       0x34 ./timer0A.o
                0x00000000000018bc                TIMER0A_Handler
 .text.ResetISR
                0x00000000000018f0       0x68 ./tm4c123gh6pm_startup_ccs_gcc.o
                0x00000000000018f0                ResetISR
 .text.NmiSR    0x0000000000001958        0x8 ./tm4c123gh6pm_startup_ccs_gcc.o
 .text.FaultISR
                0x0000000000001960        0x8 ./tm4c123gh6pm_startup_ccs_gcc.o
 .text.IntDefaultHandler
                0x0000000000001968        0x8 ./tm4c123gh6pm_startup_ccs_gcc.o
 .text.init_uart
                0x0000000000001970       0xa0 ./uart.o
                0x0000000000001970                init_uart
 .text.uart_ready_tx
                0x0000000000001a10       0x20 ./uart.o
                0x0000000000001a10                uart_ready_tx
 .text.uart_ready_rx
                0x0000000000001a30       0x20 ./uart.o
                0x0000000000001a30                uart_ready_rx
 .text.uart_put_que
                0x0000000000001a50       0x20 ./uart.o
                0x0000000000001a50                uart_put_que
 .text.uart_get_que
                0x0000000000001a70       0x1c ./uart.o
                0x0000000000001a70                uart_get_que
 .text.uart_get_char
                0x0000000000001a8c       0x18 ./uart.o
                0x0000000000001a8c                uart_get_char
 .text.uart_tx_task
                0x0000000000001aa4       0x44 ./uart.o
                0x0000000000001aa4                uart_tx_task
 .text.uart_rx_task
                0x0000000000001ae8       0x40 ./uart.o
                0x0000000000001ae8                uart_rx_task
 .text.UART0_Handler
                0x0000000000001b28       0x44 ./uart.o
                0x0000000000001b28                UART0_Handler
 .text.exit     0x0000000000001b6c       0x20 /Applications/ti/ccsv7/tools/compiler/gcc-arm-none-eabi-4_9-2015q3/bin/../lib/gcc/arm-none-eabi/4.9.3/../../../../arm-none-eabi/lib/armv7e-m/fpu/libc.a(lib_a-exit.o)
                0x0000000000001b6c                exit
 .text.__libc_init_array
                0x0000000000001b8c       0x50 /Applications/ti/ccsv7/tools/compiler/gcc-arm-none-eabi-4_9-2015q3/bin/../lib/gcc/arm-none-eabi/4.9.3/../../../../arm-none-eabi/lib/armv7e-m/fpu/libc.a(lib_a-init.o)
                0x0000000000001b8c                __libc_init_array
 .text.memset   0x0000000000001bdc       0x9c /Applications/ti/ccsv7/tools/compiler/gcc-arm-none-eabi-4_9-2015q3/bin/../lib/gcc/arm-none-eabi/4.9.3/../../../../arm-none-eabi/lib/armv7e-m/fpu/libc.a(lib_a-memset.o)
                0x0000000000001bdc                memset
 .text.startup.register_fini
                0x0000000000001c78       0x14 /Applications/ti/ccsv7/tools/compiler/gcc-arm-none-eabi-4_9-2015q3/bin/../lib/gcc/arm-none-eabi/4.9.3/../../../../arm-none-eabi/lib/armv7e-m/fpu/libc.a(lib_a-__call_atexit.o)
 .text.__call_exitprocs
                0x0000000000001c8c       0xd4 /Applications/ti/ccsv7/tools/compiler/gcc-arm-none-eabi-4_9-2015q3/bin/../lib/gcc/arm-none-eabi/4.9.3/../../../../arm-none-eabi/lib/armv7e-m/fpu/libc.a(lib_a-__call_atexit.o)
                0x0000000000001c8c                __call_exitprocs
 .text.atexit   0x0000000000001d60        0xc /Applications/ti/ccsv7/tools/compiler/gcc-arm-none-eabi-4_9-2015q3/bin/../lib/gcc/arm-none-eabi/4.9.3/../../../../arm-none-eabi/lib/armv7e-m/fpu/libc.a(lib_a-atexit.o)
                0x0000000000001d60                atexit
 .text.__libc_fini_array
                0x0000000000001d6c       0x2c /Applications/ti/ccsv7/tools/compiler/gcc-arm-none-eabi-4_9-2015q3/bin/../lib/gcc/arm-none-eabi/4.9.3/../../../../arm-none-eabi/lib/armv7e-m/fpu/libc.a(lib_a-fini.o)
                0x0000000000001d6c                __libc_fini_array
 .text.__register_exitproc
                0x0000000000001d98       0xa4 /Applications/ti/ccsv7/tools/compiler/gcc-arm-none-eabi-4_9-2015q3/bin/../lib/gcc/arm-none-eabi/4.9.3/../../../../arm-none-eabi/lib/armv7e-m/fpu/libc.a(lib_a-__atexit.o)
                0x0000000000001d98                __register_exitproc
 .text._exit    0x0000000000001e3c        0x4 /Applications/ti/ccsv7/tools/compiler/gcc-arm-none-eabi-4_9-2015q3/bin/../lib/gcc/arm-none-eabi/4.9.3/../../../../arm-none-eabi/lib/armv7e-m/fpu/libnosys.a(_exit.o)
                0x0000000000001e3c                _exit
                0x0000000000001e40                . = ALIGN (0x4)
 *(.ctors)
                0x0000000000001e40                . = ALIGN (0x4)
 *(.dtors)
                0x0000000000001e40                . = ALIGN (0x4)
                0x0000000000001e40                __init_array_start = .
 *(.init_array*)
 .init_array    0x0000000000001e40        0x4 /Applications/ti/ccsv7/tools/compiler/gcc-arm-none-eabi-4_9-2015q3/bin/../lib/gcc/arm-none-eabi/4.9.3/armv7e-m/fpu/crtbegin.o
 .init_array.00000
                0x0000000000001e44        0x4 /Applications/ti/ccsv7/tools/compiler/gcc-arm-none-eabi-4_9-2015q3/bin/../lib/gcc/arm-none-eabi/4.9.3/../../../../arm-none-eabi/lib/armv7e-m/fpu/libc.a(lib_a-__call_atexit.o)
                0x0000000000001e48                __init_array_end = .
 *(.init)
 .init          0x0000000000001e48        0x4 /Applications/ti/ccsv7/tools/compiler/gcc-arm-none-eabi-4_9-2015q3/bin/../lib/gcc/arm-none-eabi/4.9.3/armv7e-m/fpu/crti.o
                0x0000000000001e48                _init
 .init          0x0000000000001e4c        0x8 /Applications/ti/ccsv7/tools/compiler/gcc-arm-none-eabi-4_9-2015q3/bin/../lib/gcc/arm-none-eabi/4.9.3/armv7e-m/fpu/crtn.o
 *(.fini*)
 .fini          0x0000000000001e54        0x4 /Applications/ti/ccsv7/tools/compiler/gcc-arm-none-eabi-4_9-2015q3/bin/../lib/gcc/arm-none-eabi/4.9.3/armv7e-m/fpu/crti.o
                0x0000000000001e54                _fini
 .fini_array    0x0000000000001e58        0x4 /Applications/ti/ccsv7/tools/compiler/gcc-arm-none-eabi-4_9-2015q3/bin/../lib/gcc/arm-none-eabi/4.9.3/armv7e-m/fpu/crtbegin.o
 .fini          0x0000000000001e5c        0x8 /Applications/ti/ccsv7/tools/compiler/gcc-arm-none-eabi-4_9-2015q3/bin/../lib/gcc/arm-none-eabi/4.9.3/armv7e-m/fpu/crtn.o
                0x0000000000001e64                PROVIDE (__etext, .)
                0x0000000000001e64                PROVIDE (_etext, .)
                0x0000000000001e64                PROVIDE (etext, .)

.glue_7         0x0000000000001e64        0x0
 .glue_7        0x0000000000000000        0x0 linker stubs

.glue_7t        0x0000000000001e64        0x0
 .glue_7t       0x0000000000000000        0x0 linker stubs

.vfp11_veneer   0x0000000000001e64        0x0
 .vfp11_veneer  0x0000000000000000        0x0 linker stubs

.v4_bx          0x0000000000001e64        0x0
 .v4_bx         0x0000000000000000        0x0 linker stubs

.iplt           0x0000000000001e64        0x0
 .iplt          0x0000000000000000        0x0 /Applications/ti/ccsv7/tools/compiler/gcc-arm-none-eabi-4_9-2015q3/bin/../lib/gcc/arm-none-eabi/4.9.3/armv7e-m/fpu/crtbegin.o

.rodata         0x0000000000001e64        0x8
 *(.rodata)
 *(.rodata*)
 .rodata.str1.4
                0x0000000000001e64        0x4 /Applications/ti/ccsv7/tools/compiler/gcc-arm-none-eabi-4_9-2015q3/bin/../lib/gcc/arm-none-eabi/4.9.3/../../../../arm-none-eabi/lib/armv7e-m/fpu/libc.a(lib_a-impure.o)
                                          0x2 (size before relaxing)
 .rodata._global_impure_ptr
                0x0000000000001e68        0x4 /Applications/ti/ccsv7/tools/compiler/gcc-arm-none-eabi-4_9-2015q3/bin/../lib/gcc/arm-none-eabi/4.9.3/../../../../arm-none-eabi/lib/armv7e-m/fpu/libc.a(lib_a-impure.o)
                0x0000000000001e68                _global_impure_ptr

.eh_frame       0x0000000000001e6c        0x4
 .eh_frame      0x0000000000001e6c        0x0 /Applications/ti/ccsv7/tools/compiler/gcc-arm-none-eabi-4_9-2015q3/bin/../lib/gcc/arm-none-eabi/4.9.3/armv7e-m/fpu/crtbegin.o
 .eh_frame      0x0000000000001e6c        0x4 /Applications/ti/ccsv7/tools/compiler/gcc-arm-none-eabi-4_9-2015q3/bin/../lib/gcc/arm-none-eabi/4.9.3/armv7e-m/fpu/crtend.o

.data           0x0000000020000000      0x444 load address 0x0000000000001e70
                0x0000000000001e70                __data_load__ = LOADADDR (.data)
                0x0000000020000000                __data_start__ = .
 *(.data)
 .data          0x0000000020000000        0x0 /Applications/ti/ccsv7/tools/compiler/gcc-arm-none-eabi-4_9-2015q3/bin/../lib/gcc/arm-none-eabi/4.9.3/armv7e-m/fpu/crti.o
 .data          0x0000000020000000        0x4 /Applications/ti/ccsv7/tools/compiler/gcc-arm-none-eabi-4_9-2015q3/bin/../lib/gcc/arm-none-eabi/4.9.3/armv7e-m/fpu/crtbegin.o
                0x0000000020000000                __dso_handle
 .data          0x0000000020000004        0x0 /Applications/ti/ccsv7/tools/compiler/gcc-arm-none-eabi-4_9-2015q3/bin/../lib/gcc/arm-none-eabi/4.9.3/../../../../arm-none-eabi/lib/armv7e-m/fpu/crt0.o
 .data          0x0000000020000004        0x0 ./LEDS.o
 .data          0x0000000020000004        0x0 ./button.o
 .data          0x0000000020000004        0x0 ./gpio.o
 .data          0x0000000020000004        0x0 ./main.o
 .data          0x0000000020000004        0x0 ./messages.o
 .data          0x0000000020000004        0x0 ./queue.o
 .data          0x0000000020000004        0x0 ./rtcs.o
 .data          0x0000000020000004        0x0 ./sem.o
 .data          0x0000000020000004        0x0 ./spi.o
 .data          0x0000000020000004        0x0 ./swtimers.o
 .data          0x0000000020000004        0x0 ./timer0A.o
 .data          0x0000000020000004        0x0 ./tm4c123gh6pm_startup_ccs_gcc.o
 .data          0x0000000020000004        0x0 ./uart.o
 .data          0x0000000020000004        0x0 /Applications/ti/ccsv7/tools/compiler/gcc-arm-none-eabi-4_9-2015q3/bin/../lib/gcc/arm-none-eabi/4.9.3/../../../../arm-none-eabi/lib/armv7e-m/fpu/libc.a(lib_a-exit.o)
 .data          0x0000000020000004        0x0 /Applications/ti/ccsv7/tools/compiler/gcc-arm-none-eabi-4_9-2015q3/bin/../lib/gcc/arm-none-eabi/4.9.3/../../../../arm-none-eabi/lib/armv7e-m/fpu/libc.a(lib_a-impure.o)
 .data          0x0000000020000004        0x0 /Applications/ti/ccsv7/tools/compiler/gcc-arm-none-eabi-4_9-2015q3/bin/../lib/gcc/arm-none-eabi/4.9.3/../../../../arm-none-eabi/lib/armv7e-m/fpu/libc.a(lib_a-init.o)
 .data          0x0000000020000004        0x0 /Applications/ti/ccsv7/tools/compiler/gcc-arm-none-eabi-4_9-2015q3/bin/../lib/gcc/arm-none-eabi/4.9.3/../../../../arm-none-eabi/lib/armv7e-m/fpu/libc.a(lib_a-memset.o)
 .data          0x0000000020000004        0x0 /Applications/ti/ccsv7/tools/compiler/gcc-arm-none-eabi-4_9-2015q3/bin/../lib/gcc/arm-none-eabi/4.9.3/../../../../arm-none-eabi/lib/armv7e-m/fpu/libc.a(lib_a-__call_atexit.o)
 .data          0x0000000020000004        0x0 /Applications/ti/ccsv7/tools/compiler/gcc-arm-none-eabi-4_9-2015q3/bin/../lib/gcc/arm-none-eabi/4.9.3/../../../../arm-none-eabi/lib/armv7e-m/fpu/libc.a(lib_a-atexit.o)
 .data          0x0000000020000004        0x0 /Applications/ti/ccsv7/tools/compiler/gcc-arm-none-eabi-4_9-2015q3/bin/../lib/gcc/arm-none-eabi/4.9.3/../../../../arm-none-eabi/lib/armv7e-m/fpu/libc.a(lib_a-fini.o)
 .data          0x0000000020000004        0x0 /Applications/ti/ccsv7/tools/compiler/gcc-arm-none-eabi-4_9-2015q3/bin/../lib/gcc/arm-none-eabi/4.9.3/../../../../arm-none-eabi/lib/armv7e-m/fpu/libc.a(lib_a-__atexit.o)
 .data          0x0000000020000004        0x0 /Applications/ti/ccsv7/tools/compiler/gcc-arm-none-eabi-4_9-2015q3/bin/../lib/gcc/arm-none-eabi/4.9.3/../../../../arm-none-eabi/lib/armv7e-m/fpu/libnosys.a(_exit.o)
 .data          0x0000000020000004        0x0 /Applications/ti/ccsv7/tools/compiler/gcc-arm-none-eabi-4_9-2015q3/bin/../lib/gcc/arm-none-eabi/4.9.3/armv7e-m/fpu/crtend.o
 .data          0x0000000020000004        0x0 /Applications/ti/ccsv7/tools/compiler/gcc-arm-none-eabi-4_9-2015q3/bin/../lib/gcc/arm-none-eabi/4.9.3/armv7e-m/fpu/crtn.o
 *(.data*)
 .data.read_instr
                0x0000000020000004        0x2 ./main.o
                0x0000000020000004                read_instr
 .data.adr_acc_x0
                0x0000000020000006        0x2 ./main.o
                0x0000000020000006                adr_acc_x0
 .data.adr_acc_x1
                0x0000000020000008        0x2 ./main.o
                0x0000000020000008                adr_acc_x1
 .data.adr_acc_y0
                0x000000002000000a        0x2 ./main.o
                0x000000002000000a                adr_acc_y0
 .data.adr_acc_y1
                0x000000002000000c        0x2 ./main.o
                0x000000002000000c                adr_acc_y1
 .data.adr_acc_z0
                0x000000002000000e        0x2 ./main.o
                0x000000002000000e                adr_acc_z0
 .data.adr_acc_z1
                0x0000000020000010        0x2 ./main.o
                0x0000000020000010                adr_acc_z1
 .data.ACC_STATE.4414
                0x0000000020000012        0x1 ./main.o
 *fill*         0x0000000020000013        0x5 
 .data.impure_data
                0x0000000020000018      0x428 /Applications/ti/ccsv7/tools/compiler/gcc-arm-none-eabi-4_9-2015q3/bin/../lib/gcc/arm-none-eabi/4.9.3/../../../../arm-none-eabi/lib/armv7e-m/fpu/libc.a(lib_a-impure.o)
 .data._impure_ptr
                0x0000000020000440        0x4 /Applications/ti/ccsv7/tools/compiler/gcc-arm-none-eabi-4_9-2015q3/bin/../lib/gcc/arm-none-eabi/4.9.3/../../../../arm-none-eabi/lib/armv7e-m/fpu/libc.a(lib_a-impure.o)
                0x0000000020000440                _impure_ptr
                0x0000000020000444                . = ALIGN (0x4)
                0x0000000020000444                __data_end__ = .

.jcr            0x0000000020000444        0x4 load address 0x00000000000022b4
 .jcr           0x0000000020000444        0x0 /Applications/ti/ccsv7/tools/compiler/gcc-arm-none-eabi-4_9-2015q3/bin/../lib/gcc/arm-none-eabi/4.9.3/armv7e-m/fpu/crtbegin.o
 .jcr           0x0000000020000444        0x4 /Applications/ti/ccsv7/tools/compiler/gcc-arm-none-eabi-4_9-2015q3/bin/../lib/gcc/arm-none-eabi/4.9.3/armv7e-m/fpu/crtend.o

.igot.plt       0x0000000020000448        0x0 load address 0x00000000000022b8
 .igot.plt      0x0000000000000000        0x0 /Applications/ti/ccsv7/tools/compiler/gcc-arm-none-eabi-4_9-2015q3/bin/../lib/gcc/arm-none-eabi/4.9.3/armv7e-m/fpu/crtbegin.o

.ARM.exidx      0x00000000000022b8        0x8
                0x00000000000022b8                __exidx_start = .
 *(.ARM.exidx* .gnu.linkonce.armexidx.*)
 .ARM.exidx     0x00000000000022b8        0x8 /Applications/ti/ccsv7/tools/compiler/gcc-arm-none-eabi-4_9-2015q3/bin/../lib/gcc/arm-none-eabi/4.9.3/../../../../arm-none-eabi/lib/armv7e-m/fpu/crt0.o
                0x00000000000022c0                __exidx_end = .

.ARM.extab      0x00000000000022c0        0x0
 *(.ARM.extab* .gnu.linkonce.armextab.*)
 .ARM.extab     0x00000000000022c0        0x0 /Applications/ti/ccsv7/tools/compiler/gcc-arm-none-eabi-4_9-2015q3/bin/../lib/gcc/arm-none-eabi/4.9.3/../../../../arm-none-eabi/lib/armv7e-m/fpu/crt0.o

.rel.dyn        0x00000000000022c0        0x0
 .rel.iplt      0x0000000000000000        0x0 /Applications/ti/ccsv7/tools/compiler/gcc-arm-none-eabi-4_9-2015q3/bin/../lib/gcc/arm-none-eabi/4.9.3/armv7e-m/fpu/crtbegin.o

.bss            0x0000000020000448     0x14dc
                0x0000000020000448                __bss_start__ = .
 *(.shbss)
 *(.bss)
 .bss           0x0000000020000448        0x0 /Applications/ti/ccsv7/tools/compiler/gcc-arm-none-eabi-4_9-2015q3/bin/../lib/gcc/arm-none-eabi/4.9.3/armv7e-m/fpu/crti.o
 .bss           0x0000000020000448       0x1c /Applications/ti/ccsv7/tools/compiler/gcc-arm-none-eabi-4_9-2015q3/bin/../lib/gcc/arm-none-eabi/4.9.3/armv7e-m/fpu/crtbegin.o
 .bss           0x0000000020000464        0x0 /Applications/ti/ccsv7/tools/compiler/gcc-arm-none-eabi-4_9-2015q3/bin/../lib/gcc/arm-none-eabi/4.9.3/../../../../arm-none-eabi/lib/armv7e-m/fpu/crt0.o
 .bss           0x0000000020000464        0x0 ./LEDS.o
 .bss           0x0000000020000464        0x0 ./button.o
 .bss           0x0000000020000464        0x0 ./gpio.o
 .bss           0x0000000020000464        0x0 ./main.o
 .bss           0x0000000020000464        0x0 ./messages.o
 .bss           0x0000000020000464        0x0 ./queue.o
 .bss           0x0000000020000464        0x0 ./rtcs.o
 .bss           0x0000000020000464        0x0 ./sem.o
 .bss           0x0000000020000464        0x0 ./spi.o
 .bss           0x0000000020000464        0x0 ./swtimers.o
 .bss           0x0000000020000464        0x0 ./timer0A.o
 .bss           0x0000000020000464        0x0 ./tm4c123gh6pm_startup_ccs_gcc.o
 .bss           0x0000000020000464        0x0 ./uart.o
 .bss           0x0000000020000464        0x0 /Applications/ti/ccsv7/tools/compiler/gcc-arm-none-eabi-4_9-2015q3/bin/../lib/gcc/arm-none-eabi/4.9.3/../../../../arm-none-eabi/lib/armv7e-m/fpu/libc.a(lib_a-exit.o)
 .bss           0x0000000020000464        0x0 /Applications/ti/ccsv7/tools/compiler/gcc-arm-none-eabi-4_9-2015q3/bin/../lib/gcc/arm-none-eabi/4.9.3/../../../../arm-none-eabi/lib/armv7e-m/fpu/libc.a(lib_a-impure.o)
 .bss           0x0000000020000464        0x0 /Applications/ti/ccsv7/tools/compiler/gcc-arm-none-eabi-4_9-2015q3/bin/../lib/gcc/arm-none-eabi/4.9.3/../../../../arm-none-eabi/lib/armv7e-m/fpu/libc.a(lib_a-init.o)
 .bss           0x0000000020000464        0x0 /Applications/ti/ccsv7/tools/compiler/gcc-arm-none-eabi-4_9-2015q3/bin/../lib/gcc/arm-none-eabi/4.9.3/../../../../arm-none-eabi/lib/armv7e-m/fpu/libc.a(lib_a-memset.o)
 .bss           0x0000000020000464        0x0 /Applications/ti/ccsv7/tools/compiler/gcc-arm-none-eabi-4_9-2015q3/bin/../lib/gcc/arm-none-eabi/4.9.3/../../../../arm-none-eabi/lib/armv7e-m/fpu/libc.a(lib_a-__call_atexit.o)
 .bss           0x0000000020000464        0x0 /Applications/ti/ccsv7/tools/compiler/gcc-arm-none-eabi-4_9-2015q3/bin/../lib/gcc/arm-none-eabi/4.9.3/../../../../arm-none-eabi/lib/armv7e-m/fpu/libc.a(lib_a-atexit.o)
 .bss           0x0000000020000464        0x0 /Applications/ti/ccsv7/tools/compiler/gcc-arm-none-eabi-4_9-2015q3/bin/../lib/gcc/arm-none-eabi/4.9.3/../../../../arm-none-eabi/lib/armv7e-m/fpu/libc.a(lib_a-fini.o)
 .bss           0x0000000020000464        0x0 /Applications/ti/ccsv7/tools/compiler/gcc-arm-none-eabi-4_9-2015q3/bin/../lib/gcc/arm-none-eabi/4.9.3/../../../../arm-none-eabi/lib/armv7e-m/fpu/libc.a(lib_a-__atexit.o)
 .bss           0x0000000020000464        0x0 /Applications/ti/ccsv7/tools/compiler/gcc-arm-none-eabi-4_9-2015q3/bin/../lib/gcc/arm-none-eabi/4.9.3/../../../../arm-none-eabi/lib/armv7e-m/fpu/libnosys.a(_exit.o)
 .bss           0x0000000020000464        0x0 /Applications/ti/ccsv7/tools/compiler/gcc-arm-none-eabi-4_9-2015q3/bin/../lib/gcc/arm-none-eabi/4.9.3/armv7e-m/fpu/crtend.o
 .bss           0x0000000020000464        0x0 /Applications/ti/ccsv7/tools/compiler/gcc-arm-none-eabi-4_9-2015q3/bin/../lib/gcc/arm-none-eabi/4.9.3/armv7e-m/fpu/crtn.o
 *(.bss.*)
 .bss.button_state
                0x0000000020000464        0x1 ./button.o
                0x0000000020000464                button_state
 .bss.button_event
                0x0000000020000465        0x1 ./button.o
                0x0000000020000465                button_event
 .bss.i         0x0000000020000466        0x1 ./main.o
                0x0000000020000466                i
 *fill*         0x0000000020000467        0x1 
 .bss.writ_instr
                0x0000000020000468        0x2 ./main.o
                0x0000000020000468                writ_instr
 .bss.i.4418    0x000000002000046a        0x1 ./main.o
 *fill*         0x000000002000046b        0x1 
 .bss.data_acc.4415
                0x000000002000046c        0xc ./main.o
 .bss.j.4419    0x0000000020000478        0x1 ./main.o
 *fill*         0x0000000020000479        0x1 
 .bss.data_send.4416
                0x000000002000047a        0x2 ./main.o
 .bss.next_id.4109
                0x000000002000047c        0x1 ./rtcs.o
 *fill*         0x000000002000047d        0x3 
 .bss.pui32Stack
                0x0000000020000480      0x200 ./tm4c123gh6pm_startup_ccs_gcc.o
 *(COMMON)
 COMMON         0x0000000020000680       0x86 ./main.o
                0x0000000020000680                get_acc_addr
                0x0000000020000684                InBuf
                0x0000000020000704                ch
 *fill*         0x0000000020000706        0x2 
 COMMON         0x0000000020000708       0x10 ./messages.o
                0x0000000020000708                message_state
                0x0000000020000710                message_event
 COMMON         0x0000000020000718        0x0 ./queue.o
 COMMON         0x0000000020000718     0x11e4 ./rtcs.o
                0x0000000020000718                semaphore_pool
                0x00000000200007d8                queue_pool
                0x0000000020001838                current_task
                0x000000002000183c                task_pool
 COMMON         0x00000000200018fc        0x2 ./spi.o
                0x00000000200018fc                spi_data
 *fill*         0x00000000200018fe        0x2 
 COMMON         0x0000000020001900       0x20 ./swtimers.o
                0x0000000020001900                TIMER
 COMMON         0x0000000020001920        0x2 ./timer0A.o
                0x0000000020001920                ticks
                0x0000000020001924                . = ALIGN (0x4)
 *fill*         0x0000000020001922        0x2 
                0x0000000020001924                __bss_end__ = .

.heap           0x0000000020001924        0x0
                0x0000000020001924                __heap_start__ = .
                0x0000000020001924                end = __heap_start__
                0x0000000020001924                _end = end
                0x0000000020001924                __end = end
 *(.heap)
                0x0000000020001924                __heap_end__ = .
                0x0000000020001924                __HeapLimit = __heap_end__

.stack          0x0000000020001928        0x0
                0x0000000020001928                _stack = .
                0x0000000020001928                __stack = .
 *(.stack)
START GROUP
LOAD /Applications/ti/ccsv7/tools/compiler/gcc-arm-none-eabi-4_9-2015q3/bin/../lib/gcc/arm-none-eabi/4.9.3/../../../../arm-none-eabi/lib/armv7e-m/fpu/libc.a
END GROUP
START GROUP
LOAD /Applications/ti/ccsv7/tools/compiler/gcc-arm-none-eabi-4_9-2015q3/bin/../lib/gcc/arm-none-eabi/4.9.3/armv7e-m/fpu/libgcc.a
LOAD /Applications/ti/ccsv7/tools/compiler/gcc-arm-none-eabi-4_9-2015q3/bin/../lib/gcc/arm-none-eabi/4.9.3/../../../../arm-none-eabi/lib/armv7e-m/fpu/libg.a
LOAD /Applications/ti/ccsv7/tools/compiler/gcc-arm-none-eabi-4_9-2015q3/bin/../lib/gcc/arm-none-eabi/4.9.3/../../../../arm-none-eabi/lib/armv7e-m/fpu/libc.a
END GROUP
START GROUP
LOAD /Applications/ti/ccsv7/tools/compiler/gcc-arm-none-eabi-4_9-2015q3/bin/../lib/gcc/arm-none-eabi/4.9.3/armv7e-m/fpu/libgcc.a
LOAD /Applications/ti/ccsv7/tools/compiler/gcc-arm-none-eabi-4_9-2015q3/bin/../lib/gcc/arm-none-eabi/4.9.3/../../../../arm-none-eabi/lib/armv7e-m/fpu/libc.a
LOAD /Applications/ti/ccsv7/tools/compiler/gcc-arm-none-eabi-4_9-2015q3/bin/../lib/gcc/arm-none-eabi/4.9.3/../../../../arm-none-eabi/lib/armv7e-m/fpu/libnosys.a
END GROUP
LOAD /Applications/ti/ccsv7/tools/compiler/gcc-arm-none-eabi-4_9-2015q3/bin/../lib/gcc/arm-none-eabi/4.9.3/armv7e-m/fpu/crtend.o
LOAD /Applications/ti/ccsv7/tools/compiler/gcc-arm-none-eabi-4_9-2015q3/bin/../lib/gcc/arm-none-eabi/4.9.3/armv7e-m/fpu/crtn.o
OUTPUT(Project Modules.out elf32-littlearm)

.ARM.attributes
                0x0000000000000000       0x30
 .ARM.attributes
                0x0000000000000000       0x22 /Applications/ti/ccsv7/tools/compiler/gcc-arm-none-eabi-4_9-2015q3/bin/../lib/gcc/arm-none-eabi/4.9.3/armv7e-m/fpu/crti.o
 .ARM.attributes
                0x0000000000000022       0x34 /Applications/ti/ccsv7/tools/compiler/gcc-arm-none-eabi-4_9-2015q3/bin/../lib/gcc/arm-none-eabi/4.9.3/armv7e-m/fpu/crtbegin.o
 .ARM.attributes
                0x0000000000000056       0x20 /Applications/ti/ccsv7/tools/compiler/gcc-arm-none-eabi-4_9-2015q3/bin/../lib/gcc/arm-none-eabi/4.9.3/../../../../arm-none-eabi/lib/armv7e-m/fpu/crt0.o
 .ARM.attributes
                0x0000000000000076       0x39 ./LEDS.o
 .ARM.attributes
                0x00000000000000af       0x39 ./button.o
 .ARM.attributes
                0x00000000000000e8       0x39 ./gpio.o
 .ARM.attributes
                0x0000000000000121       0x39 ./main.o
 .ARM.attributes
                0x000000000000015a       0x39 ./messages.o
 .ARM.attributes
                0x0000000000000193       0x39 ./queue.o
 .ARM.attributes
                0x00000000000001cc       0x39 ./rtcs.o
 .ARM.attributes
                0x0000000000000205       0x39 ./sem.o
 .ARM.attributes
                0x000000000000023e       0x39 ./spi.o
 .ARM.attributes
                0x0000000000000277       0x39 ./swtimers.o
 .ARM.attributes
                0x00000000000002b0       0x39 ./timer0A.o
 .ARM.attributes
                0x00000000000002e9       0x39 ./tm4c123gh6pm_startup_ccs_gcc.o
 .ARM.attributes
                0x0000000000000322       0x39 ./uart.o
 .ARM.attributes
                0x000000000000035b       0x34 /Applications/ti/ccsv7/tools/compiler/gcc-arm-none-eabi-4_9-2015q3/bin/../lib/gcc/arm-none-eabi/4.9.3/../../../../arm-none-eabi/lib/armv7e-m/fpu/libc.a(lib_a-exit.o)
 .ARM.attributes
                0x000000000000038f       0x34 /Applications/ti/ccsv7/tools/compiler/gcc-arm-none-eabi-4_9-2015q3/bin/../lib/gcc/arm-none-eabi/4.9.3/../../../../arm-none-eabi/lib/armv7e-m/fpu/libc.a(lib_a-impure.o)
 .ARM.attributes
                0x00000000000003c3       0x34 /Applications/ti/ccsv7/tools/compiler/gcc-arm-none-eabi-4_9-2015q3/bin/../lib/gcc/arm-none-eabi/4.9.3/../../../../arm-none-eabi/lib/armv7e-m/fpu/libc.a(lib_a-init.o)
 .ARM.attributes
                0x00000000000003f7       0x34 /Applications/ti/ccsv7/tools/compiler/gcc-arm-none-eabi-4_9-2015q3/bin/../lib/gcc/arm-none-eabi/4.9.3/../../../../arm-none-eabi/lib/armv7e-m/fpu/libc.a(lib_a-memset.o)
 .ARM.attributes
                0x000000000000042b       0x34 /Applications/ti/ccsv7/tools/compiler/gcc-arm-none-eabi-4_9-2015q3/bin/../lib/gcc/arm-none-eabi/4.9.3/../../../../arm-none-eabi/lib/armv7e-m/fpu/libc.a(lib_a-__call_atexit.o)
 .ARM.attributes
                0x000000000000045f       0x34 /Applications/ti/ccsv7/tools/compiler/gcc-arm-none-eabi-4_9-2015q3/bin/../lib/gcc/arm-none-eabi/4.9.3/../../../../arm-none-eabi/lib/armv7e-m/fpu/libc.a(lib_a-atexit.o)
 .ARM.attributes
                0x0000000000000493       0x34 /Applications/ti/ccsv7/tools/compiler/gcc-arm-none-eabi-4_9-2015q3/bin/../lib/gcc/arm-none-eabi/4.9.3/../../../../arm-none-eabi/lib/armv7e-m/fpu/libc.a(lib_a-fini.o)
 .ARM.attributes
                0x00000000000004c7       0x34 /Applications/ti/ccsv7/tools/compiler/gcc-arm-none-eabi-4_9-2015q3/bin/../lib/gcc/arm-none-eabi/4.9.3/../../../../arm-none-eabi/lib/armv7e-m/fpu/libc.a(lib_a-__atexit.o)
 .ARM.attributes
                0x00000000000004fb       0x34 /Applications/ti/ccsv7/tools/compiler/gcc-arm-none-eabi-4_9-2015q3/bin/../lib/gcc/arm-none-eabi/4.9.3/../../../../arm-none-eabi/lib/armv7e-m/fpu/libnosys.a(_exit.o)
 .ARM.attributes
                0x000000000000052f       0x34 /Applications/ti/ccsv7/tools/compiler/gcc-arm-none-eabi-4_9-2015q3/bin/../lib/gcc/arm-none-eabi/4.9.3/armv7e-m/fpu/crtend.o
 .ARM.attributes
                0x0000000000000563       0x22 /Applications/ti/ccsv7/tools/compiler/gcc-arm-none-eabi-4_9-2015q3/bin/../lib/gcc/arm-none-eabi/4.9.3/armv7e-m/fpu/crtn.o

.comment        0x0000000000000000       0x70
 .comment       0x0000000000000000       0x70 ./LEDS.o
                                         0x71 (size before relaxing)
 .comment       0x0000000000000000       0x71 ./button.o
 .comment       0x0000000000000000       0x71 ./gpio.o
 .comment       0x0000000000000000       0x71 ./main.o
 .comment       0x0000000000000000       0x71 ./messages.o
 .comment       0x0000000000000000       0x71 ./queue.o
 .comment       0x0000000000000000       0x71 ./rtcs.o
 .comment       0x0000000000000000       0x71 ./sem.o
 .comment       0x0000000000000000       0x71 ./spi.o
 .comment       0x0000000000000000       0x71 ./swtimers.o
 .comment       0x0000000000000000       0x71 ./timer0A.o
 .comment       0x0000000000000000       0x71 ./tm4c123gh6pm_startup_ccs_gcc.o
 .comment       0x0000000000000000       0x71 ./uart.o

.debug_info     0x0000000000000000     0x171d
 .debug_info    0x0000000000000000       0xbd ./LEDS.o
 .debug_info    0x00000000000000bd       0xfa ./button.o
 .debug_info    0x00000000000001b7       0xb1 ./gpio.o
 .debug_info    0x0000000000000268      0x275 ./main.o
 .debug_info    0x00000000000004dd      0x18a ./messages.o
 .debug_info    0x0000000000000667      0x1bc ./queue.o
 .debug_info    0x0000000000000823      0x582 ./rtcs.o
 .debug_info    0x0000000000000da5      0x109 ./sem.o
 .debug_info    0x0000000000000eae      0x21c ./spi.o
 .debug_info    0x00000000000010ca      0x1b1 ./swtimers.o
 .debug_info    0x000000000000127b       0xf6 ./timer0A.o
 .debug_info    0x0000000000001371      0x176 ./tm4c123gh6pm_startup_ccs_gcc.o
 .debug_info    0x00000000000014e7      0x236 ./uart.o

.debug_abbrev   0x0000000000000000      0x987
 .debug_abbrev  0x0000000000000000       0x5b ./LEDS.o
 .debug_abbrev  0x000000000000005b       0x81 ./button.o
 .debug_abbrev  0x00000000000000dc       0x59 ./gpio.o
 .debug_abbrev  0x0000000000000135       0xd5 ./main.o
 .debug_abbrev  0x000000000000020a       0x9d ./messages.o
 .debug_abbrev  0x00000000000002a7       0xb1 ./queue.o
 .debug_abbrev  0x0000000000000358      0x1ab ./rtcs.o
 .debug_abbrev  0x0000000000000503       0x9d ./sem.o
 .debug_abbrev  0x00000000000005a0       0xd9 ./spi.o
 .debug_abbrev  0x0000000000000679       0xcf ./swtimers.o
 .debug_abbrev  0x0000000000000748       0x8a ./timer0A.o
 .debug_abbrev  0x00000000000007d2       0xca ./tm4c123gh6pm_startup_ccs_gcc.o
 .debug_abbrev  0x000000000000089c       0xeb ./uart.o

.debug_aranges  0x0000000000000000      0x2e8
 .debug_aranges
                0x0000000000000000       0x20 ./LEDS.o
 .debug_aranges
                0x0000000000000020       0x28 ./button.o
 .debug_aranges
                0x0000000000000048       0x20 ./gpio.o
 .debug_aranges
                0x0000000000000068       0x28 ./main.o
 .debug_aranges
                0x0000000000000090       0x38 ./messages.o
 .debug_aranges
                0x00000000000000c8       0x30 ./queue.o
 .debug_aranges
                0x00000000000000f8       0x80 ./rtcs.o
 .debug_aranges
                0x0000000000000178       0x28 ./sem.o
 .debug_aranges
                0x00000000000001a0       0x50 ./spi.o
 .debug_aranges
                0x00000000000001f0       0x38 ./swtimers.o
 .debug_aranges
                0x0000000000000228       0x28 ./timer0A.o
 .debug_aranges
                0x0000000000000250       0x38 ./tm4c123gh6pm_startup_ccs_gcc.o
 .debug_aranges
                0x0000000000000288       0x60 ./uart.o

.debug_ranges   0x0000000000000000      0x218
 .debug_ranges  0x0000000000000000       0x10 ./LEDS.o
 .debug_ranges  0x0000000000000010       0x18 ./button.o
 .debug_ranges  0x0000000000000028       0x10 ./gpio.o
 .debug_ranges  0x0000000000000038       0x18 ./main.o
 .debug_ranges  0x0000000000000050       0x28 ./messages.o
 .debug_ranges  0x0000000000000078       0x20 ./queue.o
 .debug_ranges  0x0000000000000098       0x70 ./rtcs.o
 .debug_ranges  0x0000000000000108       0x18 ./sem.o
 .debug_ranges  0x0000000000000120       0x40 ./spi.o
 .debug_ranges  0x0000000000000160       0x28 ./swtimers.o
 .debug_ranges  0x0000000000000188       0x18 ./timer0A.o
 .debug_ranges  0x00000000000001a0       0x28 ./tm4c123gh6pm_startup_ccs_gcc.o
 .debug_ranges  0x00000000000001c8       0x50 ./uart.o

.debug_line     0x0000000000000000      0xf09
 .debug_line    0x0000000000000000      0x140 ./LEDS.o
 .debug_line    0x0000000000000140      0x155 ./button.o
 .debug_line    0x0000000000000295      0x122 ./gpio.o
 .debug_line    0x00000000000003b7       0xaf ./main.o
 .debug_line    0x0000000000000466       0x8e ./messages.o
 .debug_line    0x00000000000004f4       0x88 ./queue.o
 .debug_line    0x000000000000057c      0x263 ./rtcs.o
 .debug_line    0x00000000000007df       0x5e ./sem.o
 .debug_line    0x000000000000083d      0x1bc ./spi.o
 .debug_line    0x00000000000009f9       0x96 ./swtimers.o
 .debug_line    0x0000000000000a8f      0x145 ./timer0A.o
 .debug_line    0x0000000000000bd4      0x16e ./tm4c123gh6pm_startup_ccs_gcc.o
 .debug_line    0x0000000000000d42      0x1c7 ./uart.o

.debug_str      0x0000000000000000      0x759
 .debug_str     0x0000000000000000      0x1aa ./LEDS.o
                                        0x1ed (size before relaxing)
 .debug_str     0x00000000000001aa       0x4a ./button.o
                                        0x213 (size before relaxing)
 .debug_str     0x00000000000001f4       0x1a ./gpio.o
                                        0x1e3 (size before relaxing)
 .debug_str     0x000000000000020e       0xc5 ./main.o
                                        0x297 (size before relaxing)
 .debug_str     0x00000000000002d3       0x5f ./messages.o
                                        0x23e (size before relaxing)
 .debug_str     0x0000000000000332       0x6a ./queue.o
                                        0x228 (size before relaxing)
 .debug_str     0x000000000000039c      0x145 ./rtcs.o
                                        0x38f (size before relaxing)
 .debug_str     0x00000000000004e1       0x27 ./sem.o
                                        0x1f5 (size before relaxing)
 .debug_str     0x0000000000000508       0x84 ./spi.o
                                        0x28a (size before relaxing)
 .debug_str     0x000000000000058c       0x73 ./swtimers.o
                                        0x25b (size before relaxing)
 .debug_str     0x00000000000005ff       0x39 ./timer0A.o
                                        0x216 (size before relaxing)
 .debug_str     0x0000000000000638       0xa1 ./tm4c123gh6pm_startup_ccs_gcc.o
                                        0x266 (size before relaxing)
 .debug_str     0x00000000000006d9       0x80 ./uart.o
                                        0x281 (size before relaxing)

.debug_frame    0x0000000000000000      0xa04
 .debug_frame   0x0000000000000000       0x38 ./LEDS.o
 .debug_frame   0x0000000000000038       0x54 ./button.o
 .debug_frame   0x000000000000008c       0x38 ./gpio.o
 .debug_frame   0x00000000000000c4       0x54 ./main.o
 .debug_frame   0x0000000000000118       0xb0 ./messages.o
 .debug_frame   0x00000000000001c8       0x90 ./queue.o
 .debug_frame   0x0000000000000258      0x1fc ./rtcs.o
 .debug_frame   0x0000000000000454       0x60 ./sem.o
 .debug_frame   0x00000000000004b4      0x108 ./spi.o
 .debug_frame   0x00000000000005bc       0xac ./swtimers.o
 .debug_frame   0x0000000000000668       0x58 ./timer0A.o
 .debug_frame   0x00000000000006c0       0x7c ./tm4c123gh6pm_startup_ccs_gcc.o
 .debug_frame   0x000000000000073c      0x148 ./uart.o
 .debug_frame   0x0000000000000884       0x28 /Applications/ti/ccsv7/tools/compiler/gcc-arm-none-eabi-4_9-2015q3/bin/../lib/gcc/arm-none-eabi/4.9.3/../../../../arm-none-eabi/lib/armv7e-m/fpu/libc.a(lib_a-exit.o)
 .debug_frame   0x00000000000008ac       0x2c /Applications/ti/ccsv7/tools/compiler/gcc-arm-none-eabi-4_9-2015q3/bin/../lib/gcc/arm-none-eabi/4.9.3/../../../../arm-none-eabi/lib/armv7e-m/fpu/libc.a(lib_a-init.o)
 .debug_frame   0x00000000000008d8       0x34 /Applications/ti/ccsv7/tools/compiler/gcc-arm-none-eabi-4_9-2015q3/bin/../lib/gcc/arm-none-eabi/4.9.3/../../../../arm-none-eabi/lib/armv7e-m/fpu/libc.a(lib_a-memset.o)
 .debug_frame   0x000000000000090c       0x50 /Applications/ti/ccsv7/tools/compiler/gcc-arm-none-eabi-4_9-2015q3/bin/../lib/gcc/arm-none-eabi/4.9.3/../../../../arm-none-eabi/lib/armv7e-m/fpu/libc.a(lib_a-__call_atexit.o)
 .debug_frame   0x000000000000095c       0x20 /Applications/ti/ccsv7/tools/compiler/gcc-arm-none-eabi-4_9-2015q3/bin/../lib/gcc/arm-none-eabi/4.9.3/../../../../arm-none-eabi/lib/armv7e-m/fpu/libc.a(lib_a-atexit.o)
 .debug_frame   0x000000000000097c       0x34 /Applications/ti/ccsv7/tools/compiler/gcc-arm-none-eabi-4_9-2015q3/bin/../lib/gcc/arm-none-eabi/4.9.3/../../../../arm-none-eabi/lib/armv7e-m/fpu/libc.a(lib_a-fini.o)
 .debug_frame   0x00000000000009b0       0x34 /Applications/ti/ccsv7/tools/compiler/gcc-arm-none-eabi-4_9-2015q3/bin/../lib/gcc/arm-none-eabi/4.9.3/../../../../arm-none-eabi/lib/armv7e-m/fpu/libc.a(lib_a-__atexit.o)
 .debug_frame   0x00000000000009e4       0x20 /Applications/ti/ccsv7/tools/compiler/gcc-arm-none-eabi-4_9-2015q3/bin/../lib/gcc/arm-none-eabi/4.9.3/../../../../arm-none-eabi/lib/armv7e-m/fpu/libnosys.a(_exit.o)
